Importing E014 CPU inspector
E014 CPU inspector imported
START verified_tokenizer
DONE verified_tokenizer 2.864s
START load_release
START stream_hash:utils.py
DONE stream_hash:utils.py 0.0s
START stream_hash:modeling_qwen2.py
DONE stream_hash:modeling_qwen2.py 0.0s
Timeout (0:00:25)!
Thread 0x00007ffb3419d740 (most recent call first):
  File "/root/autodl-tmp/cs294-runtime/train/lib/python3.12/site-packages/transformers/tokenization_utils_fast.py", line 291 in __len__
  File "/root/autodl-tmp/2P1R_Reasoning_Post/scripts/audit_real_math_engineering_outputs.py", line 20 in <genexpr>
  File "/root/autodl-tmp/2P1R_Reasoning_Post/scripts/audit_real_math_engineering_outputs.py", line 20 in audit_predictions
  File "/root/autodl-tmp/2P1R_Reasoning_Post/analyses/e014.py", line 161 in input_state
  File "/root/autodl-tmp/2P1R_Reasoning_Post/analyses/e014.py", line 236 in load_release
  File "/root/autodl-tmp/2P1R_Reasoning_Post/.local/e014_inspect_profile.py", line 14 in traced
  File "/root/autodl-tmp/2P1R_Reasoning_Post/analyses/e014.py", line 484 in main
  File "/root/autodl-tmp/2P1R_Reasoning_Post/.local/e014_inspect_profile.py", line 20 in <module>
Timeout (0:00:25)!
Thread 0x00007ffb3419d740 (most recent call first):
  File "/root/autodl-tmp/cs294-runtime/train/lib/python3.12/site-packages/transformers/tokenization_utils_fast.py", line 291 in __len__
  File "/root/autodl-tmp/2P1R_Reasoning_Post/scripts/audit_real_math_engineering_outputs.py", line 20 in <genexpr>
  File "/root/autodl-tmp/2P1R_Reasoning_Post/scripts/audit_real_math_engineering_outputs.py", line 20 in audit_predictions
  File "/root/autodl-tmp/2P1R_Reasoning_Post/analyses/e014.py", line 161 in input_state
  File "/root/autodl-tmp/2P1R_Reasoning_Post/analyses/e014.py", line 236 in load_release
  File "/root/autodl-tmp/2P1R_Reasoning_Post/.local/e014_inspect_profile.py", line 14 in traced
  File "/root/autodl-tmp/2P1R_Reasoning_Post/analyses/e014.py", line 484 in main
  File "/root/autodl-tmp/2P1R_Reasoning_Post/.local/e014_inspect_profile.py", line 20 in <module>
Timeout (0:00:25)!
Thread 0x00007ffb3419d740 (most recent call first):
  File "/root/autodl-tmp/cs294-runtime/train/lib/python3.12/site-packages/transformers/tokenization_utils_fast.py", line 291 in __len__
  File "/root/autodl-tmp/2P1R_Reasoning_Post/scripts/audit_real_math_engineering_outputs.py", line 20 in <genexpr>
  File "/root/autodl-tmp/2P1R_Reasoning_Post/scripts/audit_real_math_engineering_outputs.py", line 20 in audit_predictions
  File "/root/autodl-tmp/2P1R_Reasoning_Post/analyses/e014.py", line 161 in input_state
  File "/root/autodl-tmp/2P1R_Reasoning_Post/analyses/e014.py", line 236 in load_release
  File "/root/autodl-tmp/2P1R_Reasoning_Post/.local/e014_inspect_profile.py", line 14 in traced
  File "/root/autodl-tmp/2P1R_Reasoning_Post/analyses/e014.py", line 484 in main
  File "/root/autodl-tmp/2P1R_Reasoning_Post/.local/e014_inspect_profile.py", line 20 in <module>
Timeout (0:00:25)!
Thread 0x00007ffb3419d740 (most recent call first):
  File "/root/autodl-tmp/cs294-runtime/train/lib/python3.12/site-packages/transformers/tokenization_utils_fast.py", line 291 in __len__
  File "/root/autodl-tmp/2P1R_Reasoning_Post/scripts/audit_real_math_engineering_outputs.py", line 20 in <genexpr>
  File "/root/autodl-tmp/2P1R_Reasoning_Post/scripts/audit_real_math_engineering_outputs.py", line 20 in audit_predictions
  File "/root/autodl-tmp/2P1R_Reasoning_Post/analyses/e014.py", line 161 in input_state
  File "/root/autodl-tmp/2P1R_Reasoning_Post/analyses/e014.py", line 236 in load_release
  File "/root/autodl-tmp/2P1R_Reasoning_Post/.local/e014_inspect_profile.py", line 14 in traced
  File "/root/autodl-tmp/2P1R_Reasoning_Post/analyses/e014.py", line 484 in main
  File "/root/autodl-tmp/2P1R_Reasoning_Post/.local/e014_inspect_profile.py", line 20 in <module>
Timeout (0:00:25)!
Thread 0x00007ffb3419d740 (most recent call first):
  File "/root/autodl-tmp/cs294-runtime/train/lib/python3.12/site-packages/transformers/tokenization_utils_fast.py", line 291 in __len__
  File "/root/autodl-tmp/2P1R_Reasoning_Post/scripts/audit_real_math_engineering_outputs.py", line 20 in <genexpr>
  File "/root/autodl-tmp/2P1R_Reasoning_Post/scripts/audit_real_math_engineering_outputs.py", line 20 in audit_predictions
  File "/root/autodl-tmp/2P1R_Reasoning_Post/analyses/e014.py", line 161 in input_state
  File "/root/autodl-tmp/2P1R_Reasoning_Post/analyses/e014.py", line 236 in load_release
  File "/root/autodl-tmp/2P1R_Reasoning_Post/.local/e014_inspect_profile.py", line 14 in traced
  File "/root/autodl-tmp/2P1R_Reasoning_Post/analyses/e014.py", line 484 in main
  File "/root/autodl-tmp/2P1R_Reasoning_Post/.local/e014_inspect_profile.py", line 20 in <module>
Timeout (0:00:25)!
Thread 0x00007ffb3419d740 (most recent call first):
  File "/root/autodl-tmp/cs294-runtime/train/lib/python3.12/site-packages/transformers/tokenization_utils_fast.py", line 291 in __len__
  File "/root/autodl-tmp/2P1R_Reasoning_Post/scripts/audit_real_math_engineering_outputs.py", line 20 in <genexpr>
  File "/root/autodl-tmp/2P1R_Reasoning_Post/scripts/audit_real_math_engineering_outputs.py", line 20 in audit_predictions
  File "/root/autodl-tmp/2P1R_Reasoning_Post/analyses/e014.py", line 161 in input_state
  File "/root/autodl-tmp/2P1R_Reasoning_Post/analyses/e014.py", line 236 in load_release
  File "/root/autodl-tmp/2P1R_Reasoning_Post/.local/e014_inspect_profile.py", line 14 in traced
  File "/root/autodl-tmp/2P1R_Reasoning_Post/analyses/e014.py", line 484 in main
  File "/root/autodl-tmp/2P1R_Reasoning_Post/.local/e014_inspect_profile.py", line 20 in <module>
Timeout (0:00:25)!
Thread 0x00007ffb3419d740 (most recent call first):
  File "/root/autodl-tmp/cs294-runtime/train/lib/python3.12/site-packages/transformers/tokenization_utils_fast.py", line 291 in __len__
  File "/root/autodl-tmp/2P1R_Reasoning_Post/scripts/audit_real_math_engineering_outputs.py", line 20 in <genexpr>
  File "/root/autodl-tmp/2P1R_Reasoning_Post/scripts/audit_real_math_engineering_outputs.py", line 20 in audit_predictions
  File "/root/autodl-tmp/2P1R_Reasoning_Post/analyses/e014.py", line 161 in input_state
  File "/root/autodl-tmp/2P1R_Reasoning_Post/analyses/e014.py", line 236 in load_release
  File "/root/autodl-tmp/2P1R_Reasoning_Post/.local/e014_inspect_profile.py", line 14 in traced
  File "/root/autodl-tmp/2P1R_Reasoning_Post/analyses/e014.py", line 484 in main
  File "/root/autodl-tmp/2P1R_Reasoning_Post/.local/e014_inspect_profile.py", line 20 in <module>
