Traceback (most recent call last):
  File "<frozen runpy>", line 198, in _run_module_as_main
  File "<frozen runpy>", line 88, in _run_code
  File "/root/autodl-tmp/2P1R_Reasoning_Post/src/experiment.py", line 268, in <module>
    main()
  File "/root/autodl-tmp/2P1R_Reasoning_Post/src/experiment.py", line 203, in main
    optimizer.step()
  File "/root/miniconda3/lib/python3.12/site-packages/torch/optim/optimizer.py", line 516, in wrapper
    out = func(*args, **kwargs)
          ^^^^^^^^^^^^^^^^^^^^^
  File "/root/miniconda3/lib/python3.12/site-packages/torch/optim/optimizer.py", line 81, in _use_grad
    ret = func(*args, **kwargs)
          ^^^^^^^^^^^^^^^^^^^^^
  File "/root/miniconda3/lib/python3.12/site-packages/torch/optim/adam.py", line 237, in step
    has_complex = self._init_group(
                  ^^^^^^^^^^^^^^^^^
  File "/root/miniconda3/lib/python3.12/site-packages/torch/optim/adam.py", line 177, in _init_group
    state["exp_avg"] = torch.zeros_like(
                       ^^^^^^^^^^^^^^^^^
torch.OutOfMemoryError: CUDA out of memory. Tried to allocate 54.00 MiB. GPU 0 has a total capacity of 23.52 GiB of which 7.75 MiB is free. Including non-PyTorch memory, this process has 23.50 GiB memory in use. Of the allocated memory 22.75 GiB is allocated by PyTorch, and 297.82 MiB is reserved by PyTorch but unallocated. If reserved but unallocated memory is large try setting PYTORCH_CUDA_ALLOC_CONF=expandable_segments:True to avoid fragmentation.  See documentation for Memory Management  (https://pytorch.org/docs/stable/notes/cuda.html#environment-variables)
