Path-redacted copy; original retained in private verified evidence.
Traceback (most recent call last):
  File "<BASE_PYTHON>/lib/python3.12/urllib/request.py", line 1344, in do_open
    h.request(req.get_method(), req.selector, req.data, headers,
  File "<BASE_PYTHON>/lib/python3.12/http/client.py", line 1336, in request
    self._send_request(method, url, body, headers, encode_chunked)
  File "<BASE_PYTHON>/lib/python3.12/http/client.py", line 1382, in _send_request
    self.endheaders(body, encode_chunked=encode_chunked)
  File "<BASE_PYTHON>/lib/python3.12/http/client.py", line 1331, in endheaders
    self._send_output(message_body, encode_chunked=encode_chunked)
  File "<BASE_PYTHON>/lib/python3.12/http/client.py", line 1091, in _send_output
    self.send(msg)
  File "<BASE_PYTHON>/lib/python3.12/http/client.py", line 1035, in send
    self.connect()
  File "<BASE_PYTHON>/lib/python3.12/http/client.py", line 1470, in connect
    super().connect()
  File "<BASE_PYTHON>/lib/python3.12/http/client.py", line 1001, in connect
    self.sock = self._create_connection(
                ^^^^^^^^^^^^^^^^^^^^^^^^
  File "<BASE_PYTHON>/lib/python3.12/socket.py", line 852, in create_connection
    raise exceptions[0]
  File "<BASE_PYTHON>/lib/python3.12/socket.py", line 837, in create_connection
    sock.connect(sa)
OSError: [Errno 101] Network is unreachable

During handling of the above exception, another exception occurred:

Traceback (most recent call last):
  File "<frozen runpy>", line 198, in _run_module_as_main
  File "<frozen runpy>", line 88, in _run_code
  File "<PUBLISHED_SOURCE>/experiments/q2_supervision_migration/stage_profile_assets.py", line 86, in <module>
    if __name__=='__main__':main()
                            ^^^^^^
  File "<PUBLISHED_SOURCE>/experiments/q2_supervision_migration/stage_profile_assets.py", line 79, in main
    rec.append(fetch(row,md/row['path'],deadline))
               ^^^^^^^^^^^^^^^^^^^^^^^^^^^^^^^^^^
  File "<PUBLISHED_SOURCE>/experiments/q2_supervision_migration/stage_profile_assets.py", line 36, in fetch
    with urllib.request.urlopen(item['url'],timeout=25) as r:
         ^^^^^^^^^^^^^^^^^^^^^^^^^^^^^^^^^^^^^^^^^^^^^^
  File "<BASE_PYTHON>/lib/python3.12/urllib/request.py", line 215, in urlopen
    return opener.open(url, data, timeout)
           ^^^^^^^^^^^^^^^^^^^^^^^^^^^^^^^
  File "<BASE_PYTHON>/lib/python3.12/urllib/request.py", line 515, in open
    response = self._open(req, data)
               ^^^^^^^^^^^^^^^^^^^^^
  File "<BASE_PYTHON>/lib/python3.12/urllib/request.py", line 532, in _open
    result = self._call_chain(self.handle_open, protocol, protocol +
             ^^^^^^^^^^^^^^^^^^^^^^^^^^^^^^^^^^^^^^^^^^^^^^^^^^^^^^^
  File "<BASE_PYTHON>/lib/python3.12/urllib/request.py", line 492, in _call_chain
    result = func(*args)
             ^^^^^^^^^^^
  File "<BASE_PYTHON>/lib/python3.12/urllib/request.py", line 1392, in https_open
    return self.do_open(http.client.HTTPSConnection, req,
           ^^^^^^^^^^^^^^^^^^^^^^^^^^^^^^^^^^^^^^^^^^^^^^
  File "<BASE_PYTHON>/lib/python3.12/urllib/request.py", line 1347, in do_open
    raise URLError(err)
urllib.error.URLError: <urlopen error [Errno 101] Network is unreachable>
