{"batch_index": 0, "budget_used": 8, "completed_records": 8, "event": "evaluation_batch_committed", "name": "E031_F_greedy", "total_records": 96}
{"batch_index": 1, "budget_used": 16, "completed_records": 16, "event": "evaluation_batch_committed", "name": "E031_F_greedy", "total_records": 96}
{"batch_index": 2, "budget_used": 24, "completed_records": 24, "event": "evaluation_batch_committed", "name": "E031_F_greedy", "total_records": 96}
{"batch_index": 3, "budget_used": 32, "completed_records": 32, "event": "evaluation_batch_committed", "name": "E031_F_greedy", "total_records": 96}
{"batch_index": 4, "budget_used": 40, "completed_records": 40, "event": "evaluation_batch_committed", "name": "E031_F_greedy", "total_records": 96}
{"batch_index": 5, "budget_used": 48, "completed_records": 48, "event": "evaluation_batch_committed", "name": "E031_F_greedy", "total_records": 96}
{"batch_index": 6, "budget_used": 56, "completed_records": 56, "event": "evaluation_batch_committed", "name": "E031_F_greedy", "total_records": 96}
{"batch_index": 7, "budget_used": 64, "completed_records": 64, "event": "evaluation_batch_committed", "name": "E031_F_greedy", "total_records": 96}
{"batch_index": 8, "budget_used": 72, "completed_records": 72, "event": "evaluation_batch_committed", "name": "E031_F_greedy", "total_records": 96}
{"batch_index": 9, "budget_used": 80, "completed_records": 80, "event": "evaluation_batch_committed", "name": "E031_F_greedy", "total_records": 96}
{"batch_index": 10, "budget_used": 88, "completed_records": 88, "event": "evaluation_batch_committed", "name": "E031_F_greedy", "total_records": 96}
{"batch_index": 11, "budget_used": 96, "completed_records": 96, "event": "evaluation_batch_committed", "name": "E031_F_greedy", "total_records": 96}
{"batch_index": 0, "budget_used": 104, "completed_records": 8, "event": "evaluation_batch_committed", "name": "E031_H_greedy", "total_records": 96}
{"batch_index": 1, "budget_used": 112, "completed_records": 16, "event": "evaluation_batch_committed", "name": "E031_H_greedy", "total_records": 96}
{"batch_index": 2, "budget_used": 120, "completed_records": 24, "event": "evaluation_batch_committed", "name": "E031_H_greedy", "total_records": 96}
{"batch_index": 3, "budget_used": 128, "completed_records": 32, "event": "evaluation_batch_committed", "name": "E031_H_greedy", "total_records": 96}
{"batch_index": 4, "budget_used": 136, "completed_records": 40, "event": "evaluation_batch_committed", "name": "E031_H_greedy", "total_records": 96}
{"batch_index": 5, "budget_used": 144, "completed_records": 48, "event": "evaluation_batch_committed", "name": "E031_H_greedy", "total_records": 96}
{"batch_index": 6, "budget_used": 152, "completed_records": 56, "event": "evaluation_batch_committed", "name": "E031_H_greedy", "total_records": 96}
{"batch_index": 7, "budget_used": 160, "completed_records": 64, "event": "evaluation_batch_committed", "name": "E031_H_greedy", "total_records": 96}
{"batch_index": 8, "budget_used": 168, "completed_records": 72, "event": "evaluation_batch_committed", "name": "E031_H_greedy", "total_records": 96}
{"batch_index": 9, "budget_used": 176, "completed_records": 80, "event": "evaluation_batch_committed", "name": "E031_H_greedy", "total_records": 96}
{"batch_index": 10, "budget_used": 184, "completed_records": 88, "event": "evaluation_batch_committed", "name": "E031_H_greedy", "total_records": 96}
{"batch_index": 11, "budget_used": 192, "completed_records": 96, "event": "evaluation_batch_committed", "name": "E031_H_greedy", "total_records": 96}
{"batch_index": 0, "budget_used": 200, "completed_records": 8, "event": "evaluation_batch_committed", "name": "E031_C_greedy", "total_records": 96}
{"batch_index": 1, "budget_used": 208, "completed_records": 16, "event": "evaluation_batch_committed", "name": "E031_C_greedy", "total_records": 96}
{"batch_index": 2, "budget_used": 216, "completed_records": 24, "event": "evaluation_batch_committed", "name": "E031_C_greedy", "total_records": 96}
{"batch_index": 3, "budget_used": 224, "completed_records": 32, "event": "evaluation_batch_committed", "name": "E031_C_greedy", "total_records": 96}
{"batch_index": 4, "budget_used": 232, "completed_records": 40, "event": "evaluation_batch_committed", "name": "E031_C_greedy", "total_records": 96}
{"batch_index": 5, "budget_used": 240, "completed_records": 48, "event": "evaluation_batch_committed", "name": "E031_C_greedy", "total_records": 96}
{"batch_index": 6, "budget_used": 248, "completed_records": 56, "event": "evaluation_batch_committed", "name": "E031_C_greedy", "total_records": 96}
{"batch_index": 7, "budget_used": 256, "completed_records": 64, "event": "evaluation_batch_committed", "name": "E031_C_greedy", "total_records": 96}
{"batch_index": 8, "budget_used": 264, "completed_records": 72, "event": "evaluation_batch_committed", "name": "E031_C_greedy", "total_records": 96}
{"batch_index": 9, "budget_used": 272, "completed_records": 80, "event": "evaluation_batch_committed", "name": "E031_C_greedy", "total_records": 96}
{"batch_index": 10, "budget_used": 280, "completed_records": 88, "event": "evaluation_batch_committed", "name": "E031_C_greedy", "total_records": 96}
{"batch_index": 11, "budget_used": 288, "completed_records": 96, "event": "evaluation_batch_committed", "name": "E031_C_greedy", "total_records": 96}
{"batch_index": 0, "budget_used": 296, "completed_records": 8, "event": "evaluation_batch_committed", "name": "E031_F_sampled_t0", "total_records": 192}
{"batch_index": 1, "budget_used": 304, "completed_records": 16, "event": "evaluation_batch_committed", "name": "E031_F_sampled_t0", "total_records": 192}
{"batch_index": 2, "budget_used": 312, "completed_records": 24, "event": "evaluation_batch_committed", "name": "E031_F_sampled_t0", "total_records": 192}
{"batch_index": 3, "budget_used": 320, "completed_records": 32, "event": "evaluation_batch_committed", "name": "E031_F_sampled_t0", "total_records": 192}
{"batch_index": 4, "budget_used": 328, "completed_records": 40, "event": "evaluation_batch_committed", "name": "E031_F_sampled_t0", "total_records": 192}
{"batch_index": 5, "budget_used": 336, "completed_records": 48, "event": "evaluation_batch_committed", "name": "E031_F_sampled_t0", "total_records": 192}
{"batch_index": 6, "budget_used": 344, "completed_records": 56, "event": "evaluation_batch_committed", "name": "E031_F_sampled_t0", "total_records": 192}
{"batch_index": 7, "budget_used": 352, "completed_records": 64, "event": "evaluation_batch_committed", "name": "E031_F_sampled_t0", "total_records": 192}
{"batch_index": 8, "budget_used": 360, "completed_records": 72, "event": "evaluation_batch_committed", "name": "E031_F_sampled_t0", "total_records": 192}
{"batch_index": 9, "budget_used": 368, "completed_records": 80, "event": "evaluation_batch_committed", "name": "E031_F_sampled_t0", "total_records": 192}
{"batch_index": 10, "budget_used": 376, "completed_records": 88, "event": "evaluation_batch_committed", "name": "E031_F_sampled_t0", "total_records": 192}
{"batch_index": 11, "budget_used": 384, "completed_records": 96, "event": "evaluation_batch_committed", "name": "E031_F_sampled_t0", "total_records": 192}
{"batch_index": 12, "budget_used": 392, "completed_records": 104, "event": "evaluation_batch_committed", "name": "E031_F_sampled_t0", "total_records": 192}
{"batch_index": 13, "budget_used": 400, "completed_records": 112, "event": "evaluation_batch_committed", "name": "E031_F_sampled_t0", "total_records": 192}
{"batch_index": 14, "budget_used": 408, "completed_records": 120, "event": "evaluation_batch_committed", "name": "E031_F_sampled_t0", "total_records": 192}
{"batch_index": 15, "budget_used": 416, "completed_records": 128, "event": "evaluation_batch_committed", "name": "E031_F_sampled_t0", "total_records": 192}
{"batch_index": 16, "budget_used": 424, "completed_records": 136, "event": "evaluation_batch_committed", "name": "E031_F_sampled_t0", "total_records": 192}
{"batch_index": 17, "budget_used": 432, "completed_records": 144, "event": "evaluation_batch_committed", "name": "E031_F_sampled_t0", "total_records": 192}
{"batch_index": 18, "budget_used": 440, "completed_records": 152, "event": "evaluation_batch_committed", "name": "E031_F_sampled_t0", "total_records": 192}
{"batch_index": 19, "budget_used": 448, "completed_records": 160, "event": "evaluation_batch_committed", "name": "E031_F_sampled_t0", "total_records": 192}
{"batch_index": 20, "budget_used": 456, "completed_records": 168, "event": "evaluation_batch_committed", "name": "E031_F_sampled_t0", "total_records": 192}
{"batch_index": 21, "budget_used": 464, "completed_records": 176, "event": "evaluation_batch_committed", "name": "E031_F_sampled_t0", "total_records": 192}
{"batch_index": 22, "budget_used": 472, "completed_records": 184, "event": "evaluation_batch_committed", "name": "E031_F_sampled_t0", "total_records": 192}
{"batch_index": 23, "budget_used": 480, "completed_records": 192, "event": "evaluation_batch_committed", "name": "E031_F_sampled_t0", "total_records": 192}
{"batch_index": 0, "budget_used": 488, "completed_records": 8, "event": "evaluation_batch_committed", "name": "E031_F_sampled_t1", "total_records": 192}
{"batch_index": 1, "budget_used": 496, "completed_records": 16, "event": "evaluation_batch_committed", "name": "E031_F_sampled_t1", "total_records": 192}
{"batch_index": 2, "budget_used": 504, "completed_records": 24, "event": "evaluation_batch_committed", "name": "E031_F_sampled_t1", "total_records": 192}
{"batch_index": 3, "budget_used": 512, "completed_records": 32, "event": "evaluation_batch_committed", "name": "E031_F_sampled_t1", "total_records": 192}
{"batch_index": 4, "budget_used": 520, "completed_records": 40, "event": "evaluation_batch_committed", "name": "E031_F_sampled_t1", "total_records": 192}
{"batch_index": 5, "budget_used": 528, "completed_records": 48, "event": "evaluation_batch_committed", "name": "E031_F_sampled_t1", "total_records": 192}
{"batch_index": 6, "budget_used": 536, "completed_records": 56, "event": "evaluation_batch_committed", "name": "E031_F_sampled_t1", "total_records": 192}
{"batch_index": 7, "budget_used": 544, "completed_records": 64, "event": "evaluation_batch_committed", "name": "E031_F_sampled_t1", "total_records": 192}
{"batch_index": 8, "budget_used": 552, "completed_records": 72, "event": "evaluation_batch_committed", "name": "E031_F_sampled_t1", "total_records": 192}
{"batch_index": 9, "budget_used": 560, "completed_records": 80, "event": "evaluation_batch_committed", "name": "E031_F_sampled_t1", "total_records": 192}
{"batch_index": 10, "budget_used": 568, "completed_records": 88, "event": "evaluation_batch_committed", "name": "E031_F_sampled_t1", "total_records": 192}
{"batch_index": 11, "budget_used": 576, "completed_records": 96, "event": "evaluation_batch_committed", "name": "E031_F_sampled_t1", "total_records": 192}
{"batch_index": 12, "budget_used": 584, "completed_records": 104, "event": "evaluation_batch_committed", "name": "E031_F_sampled_t1", "total_records": 192}
{"batch_index": 13, "budget_used": 592, "completed_records": 112, "event": "evaluation_batch_committed", "name": "E031_F_sampled_t1", "total_records": 192}
{"batch_index": 14, "budget_used": 600, "completed_records": 120, "event": "evaluation_batch_committed", "name": "E031_F_sampled_t1", "total_records": 192}
{"batch_index": 15, "budget_used": 608, "completed_records": 128, "event": "evaluation_batch_committed", "name": "E031_F_sampled_t1", "total_records": 192}
{"batch_index": 16, "budget_used": 616, "completed_records": 136, "event": "evaluation_batch_committed", "name": "E031_F_sampled_t1", "total_records": 192}
{"batch_index": 17, "budget_used": 624, "completed_records": 144, "event": "evaluation_batch_committed", "name": "E031_F_sampled_t1", "total_records": 192}
{"batch_index": 18, "budget_used": 632, "completed_records": 152, "event": "evaluation_batch_committed", "name": "E031_F_sampled_t1", "total_records": 192}
{"batch_index": 19, "budget_used": 640, "completed_records": 160, "event": "evaluation_batch_committed", "name": "E031_F_sampled_t1", "total_records": 192}
{"batch_index": 20, "budget_used": 648, "completed_records": 168, "event": "evaluation_batch_committed", "name": "E031_F_sampled_t1", "total_records": 192}
{"batch_index": 21, "budget_used": 656, "completed_records": 176, "event": "evaluation_batch_committed", "name": "E031_F_sampled_t1", "total_records": 192}
{"batch_index": 22, "budget_used": 664, "completed_records": 184, "event": "evaluation_batch_committed", "name": "E031_F_sampled_t1", "total_records": 192}
{"batch_index": 23, "budget_used": 672, "completed_records": 192, "event": "evaluation_batch_committed", "name": "E031_F_sampled_t1", "total_records": 192}
{"batch_index": 0, "budget_used": 680, "completed_records": 8, "event": "evaluation_batch_committed", "name": "E031_H_sampled_t0", "total_records": 192}
{"batch_index": 1, "budget_used": 688, "completed_records": 16, "event": "evaluation_batch_committed", "name": "E031_H_sampled_t0", "total_records": 192}
{"batch_index": 2, "budget_used": 696, "completed_records": 24, "event": "evaluation_batch_committed", "name": "E031_H_sampled_t0", "total_records": 192}
{"batch_index": 3, "budget_used": 704, "completed_records": 32, "event": "evaluation_batch_committed", "name": "E031_H_sampled_t0", "total_records": 192}
{"batch_index": 4, "budget_used": 712, "completed_records": 40, "event": "evaluation_batch_committed", "name": "E031_H_sampled_t0", "total_records": 192}
{"batch_index": 5, "budget_used": 720, "completed_records": 48, "event": "evaluation_batch_committed", "name": "E031_H_sampled_t0", "total_records": 192}
{"batch_index": 6, "budget_used": 728, "completed_records": 56, "event": "evaluation_batch_committed", "name": "E031_H_sampled_t0", "total_records": 192}
{"batch_index": 7, "budget_used": 736, "completed_records": 64, "event": "evaluation_batch_committed", "name": "E031_H_sampled_t0", "total_records": 192}
{"batch_index": 8, "budget_used": 744, "completed_records": 72, "event": "evaluation_batch_committed", "name": "E031_H_sampled_t0", "total_records": 192}
{"batch_index": 9, "budget_used": 752, "completed_records": 80, "event": "evaluation_batch_committed", "name": "E031_H_sampled_t0", "total_records": 192}
{"batch_index": 10, "budget_used": 760, "completed_records": 88, "event": "evaluation_batch_committed", "name": "E031_H_sampled_t0", "total_records": 192}
{"batch_index": 11, "budget_used": 768, "completed_records": 96, "event": "evaluation_batch_committed", "name": "E031_H_sampled_t0", "total_records": 192}
{"batch_index": 12, "budget_used": 776, "completed_records": 104, "event": "evaluation_batch_committed", "name": "E031_H_sampled_t0", "total_records": 192}
{"batch_index": 13, "budget_used": 784, "completed_records": 112, "event": "evaluation_batch_committed", "name": "E031_H_sampled_t0", "total_records": 192}
{"batch_index": 14, "budget_used": 792, "completed_records": 120, "event": "evaluation_batch_committed", "name": "E031_H_sampled_t0", "total_records": 192}
{"batch_index": 15, "budget_used": 800, "completed_records": 128, "event": "evaluation_batch_committed", "name": "E031_H_sampled_t0", "total_records": 192}
{"batch_index": 16, "budget_used": 808, "completed_records": 136, "event": "evaluation_batch_committed", "name": "E031_H_sampled_t0", "total_records": 192}
{"batch_index": 17, "budget_used": 816, "completed_records": 144, "event": "evaluation_batch_committed", "name": "E031_H_sampled_t0", "total_records": 192}
{"batch_index": 18, "budget_used": 824, "completed_records": 152, "event": "evaluation_batch_committed", "name": "E031_H_sampled_t0", "total_records": 192}
{"batch_index": 19, "budget_used": 832, "completed_records": 160, "event": "evaluation_batch_committed", "name": "E031_H_sampled_t0", "total_records": 192}
{"batch_index": 20, "budget_used": 840, "completed_records": 168, "event": "evaluation_batch_committed", "name": "E031_H_sampled_t0", "total_records": 192}
{"batch_index": 21, "budget_used": 848, "completed_records": 176, "event": "evaluation_batch_committed", "name": "E031_H_sampled_t0", "total_records": 192}
{"batch_index": 22, "budget_used": 856, "completed_records": 184, "event": "evaluation_batch_committed", "name": "E031_H_sampled_t0", "total_records": 192}
{"batch_index": 23, "budget_used": 864, "completed_records": 192, "event": "evaluation_batch_committed", "name": "E031_H_sampled_t0", "total_records": 192}
{"batch_index": 0, "budget_used": 872, "completed_records": 8, "event": "evaluation_batch_committed", "name": "E031_H_sampled_t1", "total_records": 192}
{"batch_index": 1, "budget_used": 880, "completed_records": 16, "event": "evaluation_batch_committed", "name": "E031_H_sampled_t1", "total_records": 192}
{"batch_index": 2, "budget_used": 888, "completed_records": 24, "event": "evaluation_batch_committed", "name": "E031_H_sampled_t1", "total_records": 192}
{"batch_index": 3, "budget_used": 896, "completed_records": 32, "event": "evaluation_batch_committed", "name": "E031_H_sampled_t1", "total_records": 192}
{"batch_index": 4, "budget_used": 904, "completed_records": 40, "event": "evaluation_batch_committed", "name": "E031_H_sampled_t1", "total_records": 192}
{"batch_index": 5, "budget_used": 912, "completed_records": 48, "event": "evaluation_batch_committed", "name": "E031_H_sampled_t1", "total_records": 192}
{"batch_index": 6, "budget_used": 920, "completed_records": 56, "event": "evaluation_batch_committed", "name": "E031_H_sampled_t1", "total_records": 192}
{"batch_index": 7, "budget_used": 928, "completed_records": 64, "event": "evaluation_batch_committed", "name": "E031_H_sampled_t1", "total_records": 192}
{"batch_index": 8, "budget_used": 936, "completed_records": 72, "event": "evaluation_batch_committed", "name": "E031_H_sampled_t1", "total_records": 192}
{"batch_index": 9, "budget_used": 944, "completed_records": 80, "event": "evaluation_batch_committed", "name": "E031_H_sampled_t1", "total_records": 192}
{"batch_index": 10, "budget_used": 952, "completed_records": 88, "event": "evaluation_batch_committed", "name": "E031_H_sampled_t1", "total_records": 192}
{"batch_index": 11, "budget_used": 960, "completed_records": 96, "event": "evaluation_batch_committed", "name": "E031_H_sampled_t1", "total_records": 192}
{"batch_index": 12, "budget_used": 968, "completed_records": 104, "event": "evaluation_batch_committed", "name": "E031_H_sampled_t1", "total_records": 192}
{"batch_index": 13, "budget_used": 976, "completed_records": 112, "event": "evaluation_batch_committed", "name": "E031_H_sampled_t1", "total_records": 192}
{"batch_index": 14, "budget_used": 984, "completed_records": 120, "event": "evaluation_batch_committed", "name": "E031_H_sampled_t1", "total_records": 192}
{"batch_index": 15, "budget_used": 992, "completed_records": 128, "event": "evaluation_batch_committed", "name": "E031_H_sampled_t1", "total_records": 192}
{"batch_index": 16, "budget_used": 1000, "completed_records": 136, "event": "evaluation_batch_committed", "name": "E031_H_sampled_t1", "total_records": 192}
{"batch_index": 17, "budget_used": 1008, "completed_records": 144, "event": "evaluation_batch_committed", "name": "E031_H_sampled_t1", "total_records": 192}
{"batch_index": 18, "budget_used": 1016, "completed_records": 152, "event": "evaluation_batch_committed", "name": "E031_H_sampled_t1", "total_records": 192}
{"batch_index": 19, "budget_used": 1024, "completed_records": 160, "event": "evaluation_batch_committed", "name": "E031_H_sampled_t1", "total_records": 192}
{"batch_index": 20, "budget_used": 1032, "completed_records": 168, "event": "evaluation_batch_committed", "name": "E031_H_sampled_t1", "total_records": 192}
{"batch_index": 21, "budget_used": 1040, "completed_records": 176, "event": "evaluation_batch_committed", "name": "E031_H_sampled_t1", "total_records": 192}
{"batch_index": 22, "budget_used": 1048, "completed_records": 184, "event": "evaluation_batch_committed", "name": "E031_H_sampled_t1", "total_records": 192}
{"batch_index": 23, "budget_used": 1056, "completed_records": 192, "event": "evaluation_batch_committed", "name": "E031_H_sampled_t1", "total_records": 192}
{"step": 1, "row_indices": [367, 717, 185, 938, 28, 529, 49, 542, 23, 788, 125, 769, 453, 758, 92, 572], "learning_rate": 3.125e-06, "response_nll": 0.6064513148739934, "gradient_norm": 5.733287811279297, "supervised_tokens": 1024, "processed_tokens": 2201, "seconds": 2.181396570056677, "peak_memory_bytes": 10211004416, "segment_file": "segment_5f643e6efb8d46f99d158edebaf48dba.jsonl", "segment_line": 0}
{"step": 16, "row_indices": [299, 827, 80, 791, 130, 734, 404, 652, 145, 884, 255, 710, 121, 701, 270, 766], "learning_rate": 5e-05, "response_nll": 0.1671537908764393, "gradient_norm": 1.9953312873840332, "supervised_tokens": 1052, "processed_tokens": 2223, "seconds": 2.080110799521208, "peak_memory_bytes": 10362369536, "segment_file": "segment_5f643e6efb8d46f99d158edebaf48dba.jsonl", "segment_line": 15}
{"step": 32, "row_indices": [138, 830, 189, 850, 293, 554, 484, 805, 511, 773, 478, 1017, 203, 518, 204, 975], "learning_rate": 4.9562952014676115e-05, "response_nll": 0.11374468341046519, "gradient_norm": 0.3131796717643738, "supervised_tokens": 1021, "processed_tokens": 2186, "seconds": 2.085627868771553, "peak_memory_bytes": 10362369536, "segment_file": "segment_7b5c7a78a29c4526a53223cf0cdd0812.jsonl", "segment_line": 15}
{"step": 48, "row_indices": [288, 1021, 317, 673, 10, 753, 248, 674, 460, 848, 38, 630, 132, 959, 457, 625], "learning_rate": 4.827090915285202e-05, "response_nll": 0.0860928328532093, "gradient_norm": 0.34546899795532227, "supervised_tokens": 1060, "processed_tokens": 2229, "seconds": 2.0570805333554745, "peak_memory_bytes": 10362369536, "segment_file": "segment_29321251008f4eea9a350ef2c8c35a36.jsonl", "segment_line": 15}
{"step": 64, "row_indices": [392, 702, 89, 534, 148, 567, 187, 768, 491, 904, 155, 620, 413, 999, 424, 1005], "learning_rate": 4.618033988749895e-05, "response_nll": 0.0974981125758529, "gradient_norm": 0.41505154967308044, "supervised_tokens": 1031, "processed_tokens": 2195, "seconds": 2.120541274547577, "peak_memory_bytes": 10362369536, "segment_file": "segment_77b0f16c3657457083954b2718b88c40.jsonl", "segment_line": 15}
{"step": 80, "row_indices": [48, 691, 120, 645, 106, 1004, 228, 961, 342, 769, 332, 978, 1, 538, 151, 753], "learning_rate": 4.3382612127177165e-05, "response_nll": 0.06454814592533835, "gradient_norm": 0.2229769378900528, "supervised_tokens": 1029, "processed_tokens": 2203, "seconds": 2.0516927391290665, "peak_memory_bytes": 10362369536, "segment_file": "segment_e7d5bd073be44f98b213a12af166953f.jsonl", "segment_line": 15}
{"step": 96, "row_indices": [420, 876, 364, 744, 134, 565, 23, 680, 185, 759, 53, 953, 470, 590, 235, 843], "learning_rate": 4e-05, "response_nll": 0.07475857472305662, "gradient_norm": 0.33097028732299805, "supervised_tokens": 1045, "processed_tokens": 2219, "seconds": 2.079484984278679, "peak_memory_bytes": 10362369536, "segment_file": "segment_29b0bee2afa243e7b4593e31595762b2.jsonl", "segment_line": 15}
{"step": 112, "row_indices": [251, 704, 222, 707, 13, 722, 398, 610, 142, 601, 181, 1008, 188, 1011, 308, 597], "learning_rate": 3.6180339887498953e-05, "response_nll": 0.07261499935135418, "gradient_norm": 0.23591339588165283, "supervised_tokens": 1036, "processed_tokens": 2201, "seconds": 2.0808604955673218, "peak_memory_bytes": 10362369536, "segment_file": "segment_a1bc1332d9f44dc396f5417784d25f4c.jsonl", "segment_line": 15}
{"step": 128, "row_indices": [281, 642, 322, 714, 153, 624, 461, 968, 247, 995, 321, 854, 44, 741, 87, 790], "learning_rate": 3.209056926535307e-05, "response_nll": 0.06558408450621825, "gradient_norm": 0.418530136346817, "supervised_tokens": 1040, "processed_tokens": 2212, "seconds": 2.056478001177311, "peak_memory_bytes": 10362369536, "segment_file": "segment_fb935626dc0e422986be63ed305872f0.jsonl", "segment_line": 15}
{"batch_index": 0, "budget_used": 1064, "completed_records": 8, "event": "evaluation_batch_committed", "name": "G-single_midpoint_H_greedy", "total_records": 24}
{"batch_index": 1, "budget_used": 1072, "completed_records": 16, "event": "evaluation_batch_committed", "name": "G-single_midpoint_H_greedy", "total_records": 24}
{"batch_index": 2, "budget_used": 1080, "completed_records": 24, "event": "evaluation_batch_committed", "name": "G-single_midpoint_H_greedy", "total_records": 24}
{"step": 144, "row_indices": [308, 602, 415, 706, 479, 680, 267, 944, 206, 663, 498, 653, 108, 967, 344, 538], "learning_rate": 2.7909430734646938e-05, "response_nll": 0.06834785932504037, "gradient_norm": 0.29833683371543884, "supervised_tokens": 1035, "processed_tokens": 2207, "seconds": 2.1132690124213696, "peak_memory_bytes": 10362369536, "segment_file": "segment_39fef7df4ae247f1a790c445dc4f671c.jsonl", "segment_line": 15}
{"step": 160, "row_indices": [458, 821, 184, 951, 28, 599, 236, 713, 339, 682, 417, 893, 225, 702, 202, 981], "learning_rate": 2.3819660112501055e-05, "response_nll": 0.05255286820076164, "gradient_norm": 0.33749720454216003, "supervised_tokens": 1046, "processed_tokens": 2219, "seconds": 2.067227814346552, "peak_memory_bytes": 10362369536, "segment_file": "segment_cef620ec50ec4ca5bd1a7483d50eabd3.jsonl", "segment_line": 15}
{"step": 176, "row_indices": [505, 649, 409, 552, 221, 888, 268, 1014, 329, 724, 166, 655, 250, 836, 72, 646], "learning_rate": 2.0000000000000005e-05, "response_nll": 0.05874856415304165, "gradient_norm": 0.4337717890739441, "supervised_tokens": 1030, "processed_tokens": 2210, "seconds": 2.05637601390481, "peak_memory_bytes": 10362369536, "segment_file": "segment_3c766a512a944ff5a79e0922445c6323.jsonl", "segment_line": 15}
{"step": 192, "row_indices": [83, 726, 300, 732, 222, 666, 341, 1018, 375, 946, 506, 877, 289, 998, 41, 608], "learning_rate": 1.6617387872822843e-05, "response_nll": 0.05966745180460909, "gradient_norm": 0.41936784982681274, "supervised_tokens": 1026, "processed_tokens": 2203, "seconds": 2.123345799744129, "peak_memory_bytes": 10362369536, "segment_file": "segment_c57251f2df29410bb864a300ec34f3cc.jsonl", "segment_line": 15}
{"step": 208, "row_indices": [271, 1014, 244, 789, 401, 845, 275, 517, 21, 1018, 175, 559, 117, 835, 144, 959], "learning_rate": 1.3819660112501054e-05, "response_nll": 0.048704311037748055, "gradient_norm": 0.3688875138759613, "supervised_tokens": 1045, "processed_tokens": 2219, "seconds": 2.0837184451520443, "peak_memory_bytes": 10362369536, "segment_file": "segment_e415950e0d84426da3ca0f86fd92319f.jsonl", "segment_line": 15}
{"step": 224, "row_indices": [371, 673, 338, 791, 236, 844, 352, 553, 24, 749, 354, 763, 420, 870, 397, 748], "learning_rate": 1.1729090847147981e-05, "response_nll": 0.04758307406141015, "gradient_norm": 0.36991044878959656, "supervised_tokens": 1046, "processed_tokens": 2219, "seconds": 2.0661563389003277, "peak_memory_bytes": 10362369536, "segment_file": "segment_e6ad133f388842bc9fb867264d65e4f6.jsonl", "segment_line": 15}
{"step": 240, "row_indices": [490, 599, 108, 685, 364, 690, 193, 879, 481, 703, 215, 641, 468, 637, 289, 733], "learning_rate": 1.0437047985323887e-05, "response_nll": 0.05049517344604756, "gradient_norm": 0.3518976867198944, "supervised_tokens": 1042, "processed_tokens": 2212, "seconds": 2.113496523350477, "peak_memory_bytes": 10362369536, "segment_file": "segment_2e8e3047cca843d4aadfec2accfa33f1.jsonl", "segment_line": 15}
{"step": 256, "row_indices": [302, 681, 131, 615, 69, 895, 308, 540, 309, 821, 106, 858, 322, 788, 348, 769], "learning_rate": 1e-05, "response_nll": 0.049811993169692134, "gradient_norm": 0.3508829176425934, "supervised_tokens": 1032, "processed_tokens": 2209, "seconds": 2.0618074536323547, "peak_memory_bytes": 10362369536, "segment_file": "segment_acaa8b1d690048e6bc173271dbb42748.jsonl", "segment_line": 15}
{"step": 1, "row_indices": [367, 717, 185, 938, 28, 529, 49, 542, 23, 788, 125, 769, 453, 758, 92, 572], "learning_rate": 3.125e-06, "response_nll": 0.6100728421447575, "gradient_norm": 5.811282634735107, "supervised_tokens": 1029, "processed_tokens": 2206, "seconds": 2.065566275268793, "peak_memory_bytes": 10362369536, "segment_file": "segment_41a1d86a8e6445f8ad908a2bf4d0b531.jsonl", "segment_line": 0}
{"step": 16, "row_indices": [299, 827, 80, 791, 130, 734, 404, 652, 145, 884, 255, 710, 121, 701, 270, 766], "learning_rate": 5e-05, "response_nll": 0.16965657177986754, "gradient_norm": 1.3481043577194214, "supervised_tokens": 1052, "processed_tokens": 2223, "seconds": 2.1217296570539474, "peak_memory_bytes": 10362369536, "segment_file": "segment_41a1d86a8e6445f8ad908a2bf4d0b531.jsonl", "segment_line": 15}
{"step": 32, "row_indices": [138, 830, 189, 850, 293, 554, 484, 805, 511, 773, 478, 1017, 203, 518, 204, 975], "learning_rate": 4.9562952014676115e-05, "response_nll": 0.11083137895638281, "gradient_norm": 0.34741446375846863, "supervised_tokens": 1021, "processed_tokens": 2186, "seconds": 2.1051973402500153, "peak_memory_bytes": 10362369536, "segment_file": "segment_8c692205445f4ef48ea5f3bf4a698270.jsonl", "segment_line": 15}
{"step": 48, "row_indices": [288, 1021, 317, 673, 10, 753, 248, 674, 460, 848, 38, 630, 132, 959, 457, 625], "learning_rate": 4.827090915285202e-05, "response_nll": 0.08729688149994848, "gradient_norm": 0.32799264788627625, "supervised_tokens": 1058, "processed_tokens": 2227, "seconds": 2.059101104736328, "peak_memory_bytes": 10362369536, "segment_file": "segment_47c9e2c7b56a42d6bbaff12c3d22569e.jsonl", "segment_line": 15}
{"step": 64, "row_indices": [392, 702, 89, 534, 148, 567, 187, 768, 491, 904, 155, 620, 413, 999, 424, 1005], "learning_rate": 4.618033988749895e-05, "response_nll": 0.09977662377964536, "gradient_norm": 0.4319307506084442, "supervised_tokens": 1029, "processed_tokens": 2193, "seconds": 2.0720714703202248, "peak_memory_bytes": 10362369536, "segment_file": "segment_64681fe5a5774071bcd4f395a7ae8d71.jsonl", "segment_line": 15}
{"step": 80, "row_indices": [48, 691, 120, 645, 106, 1004, 228, 961, 342, 769, 332, 978, 1, 538, 151, 753], "learning_rate": 4.3382612127177165e-05, "response_nll": 0.06669363989399893, "gradient_norm": 0.2181338369846344, "supervised_tokens": 1031, "processed_tokens": 2205, "seconds": 2.0872762203216553, "peak_memory_bytes": 10362369536, "segment_file": "segment_078b6ce5db7441d9afb037a39b371639.jsonl", "segment_line": 15}
{"step": 96, "row_indices": [420, 876, 364, 744, 134, 565, 23, 680, 185, 759, 53, 953, 470, 590, 235, 843], "learning_rate": 4e-05, "response_nll": 0.07927374705430316, "gradient_norm": 0.33874180912971497, "supervised_tokens": 1047, "processed_tokens": 2221, "seconds": 2.058712176978588, "peak_memory_bytes": 10362369536, "segment_file": "segment_cf7d981661594b79bcdad3dc6ce0052d.jsonl", "segment_line": 15}
{"step": 112, "row_indices": [251, 704, 222, 707, 13, 722, 398, 610, 142, 601, 181, 1008, 188, 1011, 308, 597], "learning_rate": 3.6180339887498953e-05, "response_nll": 0.07524487261146191, "gradient_norm": 0.24538485705852509, "supervised_tokens": 1036, "processed_tokens": 2201, "seconds": 2.045042872428894, "peak_memory_bytes": 10362369536, "segment_file": "segment_5057fb45b62948f1b58e00ec441961f2.jsonl", "segment_line": 15}
{"step": 128, "row_indices": [281, 642, 322, 714, 153, 624, 461, 968, 247, 995, 321, 854, 44, 741, 87, 790], "learning_rate": 3.209056926535307e-05, "response_nll": 0.07248009501797746, "gradient_norm": 0.4587729871273041, "supervised_tokens": 1039, "processed_tokens": 2211, "seconds": 2.0837964601814747, "peak_memory_bytes": 10362369536, "segment_file": "segment_c91c315372b6457e83e483792740f535.jsonl", "segment_line": 15}
{"batch_index": 0, "budget_used": 1088, "completed_records": 8, "event": "evaluation_batch_committed", "name": "G-paired_midpoint_H_greedy", "total_records": 24}
{"batch_index": 1, "budget_used": 1096, "completed_records": 16, "event": "evaluation_batch_committed", "name": "G-paired_midpoint_H_greedy", "total_records": 24}
{"batch_index": 2, "budget_used": 1104, "completed_records": 24, "event": "evaluation_batch_committed", "name": "G-paired_midpoint_H_greedy", "total_records": 24}
{"step": 144, "row_indices": [308, 602, 415, 706, 479, 680, 267, 944, 206, 663, 498, 653, 108, 967, 344, 538], "learning_rate": 2.7909430734646938e-05, "response_nll": 0.0744954415697096, "gradient_norm": 0.35415956377983093, "supervised_tokens": 1033, "processed_tokens": 2205, "seconds": 2.062319628894329, "peak_memory_bytes": 10362369536, "segment_file": "segment_d2bfe2eddd3a4544b8efb8b0a893ed97.jsonl", "segment_line": 15}
{"step": 160, "row_indices": [458, 821, 184, 951, 28, 599, 236, 713, 339, 682, 417, 893, 225, 702, 202, 981], "learning_rate": 2.3819660112501055e-05, "response_nll": 0.05403787946154009, "gradient_norm": 0.2922196686267853, "supervised_tokens": 1046, "processed_tokens": 2219, "seconds": 2.052860841155052, "peak_memory_bytes": 10362369536, "segment_file": "segment_8467894293f842af93c497f6a4adb154.jsonl", "segment_line": 15}
{"step": 176, "row_indices": [505, 649, 409, 552, 221, 888, 268, 1014, 329, 724, 166, 655, 250, 836, 72, 646], "learning_rate": 2.0000000000000005e-05, "response_nll": 0.06583470642739782, "gradient_norm": 0.5302151441574097, "supervised_tokens": 1033, "processed_tokens": 2213, "seconds": 2.1222481206059456, "peak_memory_bytes": 10362369536, "segment_file": "segment_a1bd7f527987428492dc00068d76fa62.jsonl", "segment_line": 15}
{"step": 192, "row_indices": [83, 726, 300, 732, 222, 666, 341, 1018, 375, 946, 506, 877, 289, 998, 41, 608], "learning_rate": 1.6617387872822843e-05, "response_nll": 0.0626749892351104, "gradient_norm": 0.43736976385116577, "supervised_tokens": 1025, "processed_tokens": 2202, "seconds": 2.065325740724802, "peak_memory_bytes": 10362369536, "segment_file": "segment_b14eb79a512948a397387c56c793a41b.jsonl", "segment_line": 15}
{"step": 208, "row_indices": [271, 1014, 244, 789, 401, 845, 275, 517, 21, 1018, 175, 559, 117, 835, 144, 959], "learning_rate": 1.3819660112501054e-05, "response_nll": 0.050990835074139644, "gradient_norm": 0.3471395671367645, "supervised_tokens": 1047, "processed_tokens": 2221, "seconds": 2.152516897767782, "peak_memory_bytes": 10362369536, "segment_file": "segment_238a3a2ca74b41afacc80509a9d1fcc3.jsonl", "segment_line": 15}
{"step": 224, "row_indices": [371, 673, 338, 791, 236, 844, 352, 553, 24, 749, 354, 763, 420, 870, 397, 748], "learning_rate": 1.1729090847147981e-05, "response_nll": 0.052522100004891235, "gradient_norm": 0.3669838011264801, "supervised_tokens": 1051, "processed_tokens": 2224, "seconds": 2.074621442705393, "peak_memory_bytes": 10362369536, "segment_file": "segment_d3f5b26b674b45a499438e15b4e20f09.jsonl", "segment_line": 15}
{"step": 240, "row_indices": [490, 599, 108, 685, 364, 690, 193, 879, 481, 703, 215, 641, 468, 637, 289, 733], "learning_rate": 1.0437047985323887e-05, "response_nll": 0.05246842933388857, "gradient_norm": 0.3397591710090637, "supervised_tokens": 1040, "processed_tokens": 2210, "seconds": 2.130367837846279, "peak_memory_bytes": 10362369536, "segment_file": "segment_a85774905f68491a98e3d41da6b17c2f.jsonl", "segment_line": 15}
{"step": 256, "row_indices": [302, 681, 131, 615, 69, 895, 308, 540, 309, 821, 106, 858, 322, 788, 348, 769], "learning_rate": 1e-05, "response_nll": 0.05278442892455315, "gradient_norm": 0.26365530490875244, "supervised_tokens": 1032, "processed_tokens": 2209, "seconds": 2.1448884159326553, "peak_memory_bytes": 10362369536, "segment_file": "segment_b9818826c9804b3385eb080df39af9d8.jsonl", "segment_line": 15}
{"batch_index": 0, "budget_used": 1112, "completed_records": 8, "event": "evaluation_batch_committed", "name": "G-single_F_greedy", "total_records": 96}
{"batch_index": 1, "budget_used": 1120, "completed_records": 16, "event": "evaluation_batch_committed", "name": "G-single_F_greedy", "total_records": 96}
{"batch_index": 2, "budget_used": 1128, "completed_records": 24, "event": "evaluation_batch_committed", "name": "G-single_F_greedy", "total_records": 96}
{"batch_index": 3, "budget_used": 1136, "completed_records": 32, "event": "evaluation_batch_committed", "name": "G-single_F_greedy", "total_records": 96}
{"batch_index": 4, "budget_used": 1144, "completed_records": 40, "event": "evaluation_batch_committed", "name": "G-single_F_greedy", "total_records": 96}
{"batch_index": 5, "budget_used": 1152, "completed_records": 48, "event": "evaluation_batch_committed", "name": "G-single_F_greedy", "total_records": 96}
{"batch_index": 6, "budget_used": 1160, "completed_records": 56, "event": "evaluation_batch_committed", "name": "G-single_F_greedy", "total_records": 96}
{"batch_index": 7, "budget_used": 1168, "completed_records": 64, "event": "evaluation_batch_committed", "name": "G-single_F_greedy", "total_records": 96}
{"batch_index": 8, "budget_used": 1176, "completed_records": 72, "event": "evaluation_batch_committed", "name": "G-single_F_greedy", "total_records": 96}
{"batch_index": 9, "budget_used": 1184, "completed_records": 80, "event": "evaluation_batch_committed", "name": "G-single_F_greedy", "total_records": 96}
{"batch_index": 10, "budget_used": 1192, "completed_records": 88, "event": "evaluation_batch_committed", "name": "G-single_F_greedy", "total_records": 96}
{"batch_index": 11, "budget_used": 1200, "completed_records": 96, "event": "evaluation_batch_committed", "name": "G-single_F_greedy", "total_records": 96}
{"batch_index": 0, "budget_used": 1208, "completed_records": 8, "event": "evaluation_batch_committed", "name": "G-single_H_greedy", "total_records": 96}
{"batch_index": 1, "budget_used": 1216, "completed_records": 16, "event": "evaluation_batch_committed", "name": "G-single_H_greedy", "total_records": 96}
{"batch_index": 2, "budget_used": 1224, "completed_records": 24, "event": "evaluation_batch_committed", "name": "G-single_H_greedy", "total_records": 96}
{"batch_index": 3, "budget_used": 1232, "completed_records": 32, "event": "evaluation_batch_committed", "name": "G-single_H_greedy", "total_records": 96}
{"batch_index": 4, "budget_used": 1240, "completed_records": 40, "event": "evaluation_batch_committed", "name": "G-single_H_greedy", "total_records": 96}
{"batch_index": 5, "budget_used": 1248, "completed_records": 48, "event": "evaluation_batch_committed", "name": "G-single_H_greedy", "total_records": 96}
{"batch_index": 6, "budget_used": 1256, "completed_records": 56, "event": "evaluation_batch_committed", "name": "G-single_H_greedy", "total_records": 96}
{"batch_index": 7, "budget_used": 1264, "completed_records": 64, "event": "evaluation_batch_committed", "name": "G-single_H_greedy", "total_records": 96}
{"batch_index": 8, "budget_used": 1272, "completed_records": 72, "event": "evaluation_batch_committed", "name": "G-single_H_greedy", "total_records": 96}
{"batch_index": 9, "budget_used": 1280, "completed_records": 80, "event": "evaluation_batch_committed", "name": "G-single_H_greedy", "total_records": 96}
{"batch_index": 10, "budget_used": 1288, "completed_records": 88, "event": "evaluation_batch_committed", "name": "G-single_H_greedy", "total_records": 96}
{"batch_index": 11, "budget_used": 1296, "completed_records": 96, "event": "evaluation_batch_committed", "name": "G-single_H_greedy", "total_records": 96}
{"batch_index": 0, "budget_used": 1304, "completed_records": 8, "event": "evaluation_batch_committed", "name": "G-single_C_greedy", "total_records": 96}
{"batch_index": 1, "budget_used": 1312, "completed_records": 16, "event": "evaluation_batch_committed", "name": "G-single_C_greedy", "total_records": 96}
{"batch_index": 2, "budget_used": 1320, "completed_records": 24, "event": "evaluation_batch_committed", "name": "G-single_C_greedy", "total_records": 96}
{"batch_index": 3, "budget_used": 1328, "completed_records": 32, "event": "evaluation_batch_committed", "name": "G-single_C_greedy", "total_records": 96}
{"batch_index": 4, "budget_used": 1336, "completed_records": 40, "event": "evaluation_batch_committed", "name": "G-single_C_greedy", "total_records": 96}
{"batch_index": 5, "budget_used": 1344, "completed_records": 48, "event": "evaluation_batch_committed", "name": "G-single_C_greedy", "total_records": 96}
{"batch_index": 6, "budget_used": 1352, "completed_records": 56, "event": "evaluation_batch_committed", "name": "G-single_C_greedy", "total_records": 96}
{"batch_index": 7, "budget_used": 1360, "completed_records": 64, "event": "evaluation_batch_committed", "name": "G-single_C_greedy", "total_records": 96}
{"batch_index": 8, "budget_used": 1368, "completed_records": 72, "event": "evaluation_batch_committed", "name": "G-single_C_greedy", "total_records": 96}
{"batch_index": 9, "budget_used": 1376, "completed_records": 80, "event": "evaluation_batch_committed", "name": "G-single_C_greedy", "total_records": 96}
{"batch_index": 10, "budget_used": 1384, "completed_records": 88, "event": "evaluation_batch_committed", "name": "G-single_C_greedy", "total_records": 96}
{"batch_index": 11, "budget_used": 1392, "completed_records": 96, "event": "evaluation_batch_committed", "name": "G-single_C_greedy", "total_records": 96}
{"batch_index": 0, "budget_used": 1400, "completed_records": 8, "event": "evaluation_batch_committed", "name": "G-single_train_F_greedy", "total_records": 32}
{"batch_index": 1, "budget_used": 1408, "completed_records": 16, "event": "evaluation_batch_committed", "name": "G-single_train_F_greedy", "total_records": 32}
{"batch_index": 2, "budget_used": 1416, "completed_records": 24, "event": "evaluation_batch_committed", "name": "G-single_train_F_greedy", "total_records": 32}
{"batch_index": 3, "budget_used": 1424, "completed_records": 32, "event": "evaluation_batch_committed", "name": "G-single_train_F_greedy", "total_records": 32}
{"batch_index": 0, "budget_used": 1432, "completed_records": 8, "event": "evaluation_batch_committed", "name": "G-single_train_H_greedy", "total_records": 32}
{"batch_index": 1, "budget_used": 1440, "completed_records": 16, "event": "evaluation_batch_committed", "name": "G-single_train_H_greedy", "total_records": 32}
{"batch_index": 2, "budget_used": 1448, "completed_records": 24, "event": "evaluation_batch_committed", "name": "G-single_train_H_greedy", "total_records": 32}
{"batch_index": 3, "budget_used": 1456, "completed_records": 32, "event": "evaluation_batch_committed", "name": "G-single_train_H_greedy", "total_records": 32}
{"batch_index": 0, "budget_used": 1464, "completed_records": 8, "event": "evaluation_batch_committed", "name": "G-paired_F_greedy", "total_records": 96}
{"batch_index": 1, "budget_used": 1472, "completed_records": 16, "event": "evaluation_batch_committed", "name": "G-paired_F_greedy", "total_records": 96}
{"batch_index": 2, "budget_used": 1480, "completed_records": 24, "event": "evaluation_batch_committed", "name": "G-paired_F_greedy", "total_records": 96}
{"batch_index": 3, "budget_used": 1488, "completed_records": 32, "event": "evaluation_batch_committed", "name": "G-paired_F_greedy", "total_records": 96}
{"batch_index": 4, "budget_used": 1496, "completed_records": 40, "event": "evaluation_batch_committed", "name": "G-paired_F_greedy", "total_records": 96}
{"batch_index": 5, "budget_used": 1504, "completed_records": 48, "event": "evaluation_batch_committed", "name": "G-paired_F_greedy", "total_records": 96}
{"batch_index": 6, "budget_used": 1512, "completed_records": 56, "event": "evaluation_batch_committed", "name": "G-paired_F_greedy", "total_records": 96}
{"batch_index": 7, "budget_used": 1520, "completed_records": 64, "event": "evaluation_batch_committed", "name": "G-paired_F_greedy", "total_records": 96}
{"batch_index": 8, "budget_used": 1528, "completed_records": 72, "event": "evaluation_batch_committed", "name": "G-paired_F_greedy", "total_records": 96}
{"batch_index": 9, "budget_used": 1536, "completed_records": 80, "event": "evaluation_batch_committed", "name": "G-paired_F_greedy", "total_records": 96}
{"batch_index": 10, "budget_used": 1544, "completed_records": 88, "event": "evaluation_batch_committed", "name": "G-paired_F_greedy", "total_records": 96}
{"batch_index": 11, "budget_used": 1552, "completed_records": 96, "event": "evaluation_batch_committed", "name": "G-paired_F_greedy", "total_records": 96}
{"batch_index": 0, "budget_used": 1560, "completed_records": 8, "event": "evaluation_batch_committed", "name": "G-paired_H_greedy", "total_records": 96}
{"batch_index": 1, "budget_used": 1568, "completed_records": 16, "event": "evaluation_batch_committed", "name": "G-paired_H_greedy", "total_records": 96}
{"batch_index": 2, "budget_used": 1576, "completed_records": 24, "event": "evaluation_batch_committed", "name": "G-paired_H_greedy", "total_records": 96}
{"batch_index": 3, "budget_used": 1584, "completed_records": 32, "event": "evaluation_batch_committed", "name": "G-paired_H_greedy", "total_records": 96}
{"batch_index": 4, "budget_used": 1592, "completed_records": 40, "event": "evaluation_batch_committed", "name": "G-paired_H_greedy", "total_records": 96}
{"batch_index": 5, "budget_used": 1600, "completed_records": 48, "event": "evaluation_batch_committed", "name": "G-paired_H_greedy", "total_records": 96}
{"batch_index": 6, "budget_used": 1608, "completed_records": 56, "event": "evaluation_batch_committed", "name": "G-paired_H_greedy", "total_records": 96}
{"batch_index": 7, "budget_used": 1616, "completed_records": 64, "event": "evaluation_batch_committed", "name": "G-paired_H_greedy", "total_records": 96}
{"batch_index": 8, "budget_used": 1624, "completed_records": 72, "event": "evaluation_batch_committed", "name": "G-paired_H_greedy", "total_records": 96}
{"batch_index": 9, "budget_used": 1632, "completed_records": 80, "event": "evaluation_batch_committed", "name": "G-paired_H_greedy", "total_records": 96}
{"batch_index": 10, "budget_used": 1640, "completed_records": 88, "event": "evaluation_batch_committed", "name": "G-paired_H_greedy", "total_records": 96}
{"batch_index": 11, "budget_used": 1648, "completed_records": 96, "event": "evaluation_batch_committed", "name": "G-paired_H_greedy", "total_records": 96}
{"batch_index": 0, "budget_used": 1656, "completed_records": 8, "event": "evaluation_batch_committed", "name": "G-paired_C_greedy", "total_records": 96}
{"batch_index": 1, "budget_used": 1664, "completed_records": 16, "event": "evaluation_batch_committed", "name": "G-paired_C_greedy", "total_records": 96}
{"batch_index": 2, "budget_used": 1672, "completed_records": 24, "event": "evaluation_batch_committed", "name": "G-paired_C_greedy", "total_records": 96}
{"batch_index": 3, "budget_used": 1680, "completed_records": 32, "event": "evaluation_batch_committed", "name": "G-paired_C_greedy", "total_records": 96}
{"batch_index": 4, "budget_used": 1688, "completed_records": 40, "event": "evaluation_batch_committed", "name": "G-paired_C_greedy", "total_records": 96}
{"batch_index": 5, "budget_used": 1696, "completed_records": 48, "event": "evaluation_batch_committed", "name": "G-paired_C_greedy", "total_records": 96}
{"batch_index": 6, "budget_used": 1704, "completed_records": 56, "event": "evaluation_batch_committed", "name": "G-paired_C_greedy", "total_records": 96}
{"batch_index": 7, "budget_used": 1712, "completed_records": 64, "event": "evaluation_batch_committed", "name": "G-paired_C_greedy", "total_records": 96}
{"batch_index": 8, "budget_used": 1720, "completed_records": 72, "event": "evaluation_batch_committed", "name": "G-paired_C_greedy", "total_records": 96}
{"batch_index": 9, "budget_used": 1728, "completed_records": 80, "event": "evaluation_batch_committed", "name": "G-paired_C_greedy", "total_records": 96}
{"batch_index": 10, "budget_used": 1736, "completed_records": 88, "event": "evaluation_batch_committed", "name": "G-paired_C_greedy", "total_records": 96}
{"batch_index": 11, "budget_used": 1744, "completed_records": 96, "event": "evaluation_batch_committed", "name": "G-paired_C_greedy", "total_records": 96}
{"batch_index": 0, "budget_used": 1752, "completed_records": 8, "event": "evaluation_batch_committed", "name": "G-paired_train_F_greedy", "total_records": 32}
{"batch_index": 1, "budget_used": 1760, "completed_records": 16, "event": "evaluation_batch_committed", "name": "G-paired_train_F_greedy", "total_records": 32}
{"batch_index": 2, "budget_used": 1768, "completed_records": 24, "event": "evaluation_batch_committed", "name": "G-paired_train_F_greedy", "total_records": 32}
{"batch_index": 3, "budget_used": 1776, "completed_records": 32, "event": "evaluation_batch_committed", "name": "G-paired_train_F_greedy", "total_records": 32}
{"batch_index": 0, "budget_used": 1784, "completed_records": 8, "event": "evaluation_batch_committed", "name": "G-paired_train_H_greedy", "total_records": 32}
{"batch_index": 1, "budget_used": 1792, "completed_records": 16, "event": "evaluation_batch_committed", "name": "G-paired_train_H_greedy", "total_records": 32}
{"batch_index": 2, "budget_used": 1800, "completed_records": 24, "event": "evaluation_batch_committed", "name": "G-paired_train_H_greedy", "total_records": 32}
{"batch_index": 3, "budget_used": 1808, "completed_records": 32, "event": "evaluation_batch_committed", "name": "G-paired_train_H_greedy", "total_records": 32}
{"batch_index": 0, "budget_used": 1816, "completed_records": 8, "event": "evaluation_batch_committed", "name": "G-single_F_sampled_t0", "total_records": 192}
{"batch_index": 1, "budget_used": 1824, "completed_records": 16, "event": "evaluation_batch_committed", "name": "G-single_F_sampled_t0", "total_records": 192}
{"batch_index": 2, "budget_used": 1832, "completed_records": 24, "event": "evaluation_batch_committed", "name": "G-single_F_sampled_t0", "total_records": 192}
{"batch_index": 3, "budget_used": 1840, "completed_records": 32, "event": "evaluation_batch_committed", "name": "G-single_F_sampled_t0", "total_records": 192}
{"batch_index": 4, "budget_used": 1848, "completed_records": 40, "event": "evaluation_batch_committed", "name": "G-single_F_sampled_t0", "total_records": 192}
{"batch_index": 5, "budget_used": 1856, "completed_records": 48, "event": "evaluation_batch_committed", "name": "G-single_F_sampled_t0", "total_records": 192}
{"batch_index": 6, "budget_used": 1864, "completed_records": 56, "event": "evaluation_batch_committed", "name": "G-single_F_sampled_t0", "total_records": 192}
{"batch_index": 7, "budget_used": 1872, "completed_records": 64, "event": "evaluation_batch_committed", "name": "G-single_F_sampled_t0", "total_records": 192}
{"batch_index": 8, "budget_used": 1880, "completed_records": 72, "event": "evaluation_batch_committed", "name": "G-single_F_sampled_t0", "total_records": 192}
{"batch_index": 9, "budget_used": 1888, "completed_records": 80, "event": "evaluation_batch_committed", "name": "G-single_F_sampled_t0", "total_records": 192}
{"batch_index": 10, "budget_used": 1896, "completed_records": 88, "event": "evaluation_batch_committed", "name": "G-single_F_sampled_t0", "total_records": 192}
{"batch_index": 11, "budget_used": 1904, "completed_records": 96, "event": "evaluation_batch_committed", "name": "G-single_F_sampled_t0", "total_records": 192}
{"batch_index": 12, "budget_used": 1912, "completed_records": 104, "event": "evaluation_batch_committed", "name": "G-single_F_sampled_t0", "total_records": 192}
{"batch_index": 13, "budget_used": 1920, "completed_records": 112, "event": "evaluation_batch_committed", "name": "G-single_F_sampled_t0", "total_records": 192}
{"batch_index": 14, "budget_used": 1928, "completed_records": 120, "event": "evaluation_batch_committed", "name": "G-single_F_sampled_t0", "total_records": 192}
{"batch_index": 15, "budget_used": 1936, "completed_records": 128, "event": "evaluation_batch_committed", "name": "G-single_F_sampled_t0", "total_records": 192}
{"batch_index": 16, "budget_used": 1944, "completed_records": 136, "event": "evaluation_batch_committed", "name": "G-single_F_sampled_t0", "total_records": 192}
{"batch_index": 17, "budget_used": 1952, "completed_records": 144, "event": "evaluation_batch_committed", "name": "G-single_F_sampled_t0", "total_records": 192}
{"batch_index": 18, "budget_used": 1960, "completed_records": 152, "event": "evaluation_batch_committed", "name": "G-single_F_sampled_t0", "total_records": 192}
{"batch_index": 19, "budget_used": 1968, "completed_records": 160, "event": "evaluation_batch_committed", "name": "G-single_F_sampled_t0", "total_records": 192}
{"batch_index": 20, "budget_used": 1976, "completed_records": 168, "event": "evaluation_batch_committed", "name": "G-single_F_sampled_t0", "total_records": 192}
{"batch_index": 21, "budget_used": 1984, "completed_records": 176, "event": "evaluation_batch_committed", "name": "G-single_F_sampled_t0", "total_records": 192}
{"batch_index": 22, "budget_used": 1992, "completed_records": 184, "event": "evaluation_batch_committed", "name": "G-single_F_sampled_t0", "total_records": 192}
{"batch_index": 23, "budget_used": 2000, "completed_records": 192, "event": "evaluation_batch_committed", "name": "G-single_F_sampled_t0", "total_records": 192}
{"batch_index": 0, "budget_used": 2008, "completed_records": 8, "event": "evaluation_batch_committed", "name": "G-single_F_sampled_t1", "total_records": 192}
{"batch_index": 1, "budget_used": 2016, "completed_records": 16, "event": "evaluation_batch_committed", "name": "G-single_F_sampled_t1", "total_records": 192}
{"batch_index": 2, "budget_used": 2024, "completed_records": 24, "event": "evaluation_batch_committed", "name": "G-single_F_sampled_t1", "total_records": 192}
{"batch_index": 3, "budget_used": 2032, "completed_records": 32, "event": "evaluation_batch_committed", "name": "G-single_F_sampled_t1", "total_records": 192}
{"batch_index": 4, "budget_used": 2040, "completed_records": 40, "event": "evaluation_batch_committed", "name": "G-single_F_sampled_t1", "total_records": 192}
{"batch_index": 5, "budget_used": 2048, "completed_records": 48, "event": "evaluation_batch_committed", "name": "G-single_F_sampled_t1", "total_records": 192}
{"batch_index": 6, "budget_used": 2056, "completed_records": 56, "event": "evaluation_batch_committed", "name": "G-single_F_sampled_t1", "total_records": 192}
{"batch_index": 7, "budget_used": 2064, "completed_records": 64, "event": "evaluation_batch_committed", "name": "G-single_F_sampled_t1", "total_records": 192}
{"batch_index": 8, "budget_used": 2072, "completed_records": 72, "event": "evaluation_batch_committed", "name": "G-single_F_sampled_t1", "total_records": 192}
{"batch_index": 9, "budget_used": 2080, "completed_records": 80, "event": "evaluation_batch_committed", "name": "G-single_F_sampled_t1", "total_records": 192}
{"batch_index": 10, "budget_used": 2088, "completed_records": 88, "event": "evaluation_batch_committed", "name": "G-single_F_sampled_t1", "total_records": 192}
{"batch_index": 11, "budget_used": 2096, "completed_records": 96, "event": "evaluation_batch_committed", "name": "G-single_F_sampled_t1", "total_records": 192}
{"batch_index": 12, "budget_used": 2104, "completed_records": 104, "event": "evaluation_batch_committed", "name": "G-single_F_sampled_t1", "total_records": 192}
{"batch_index": 13, "budget_used": 2112, "completed_records": 112, "event": "evaluation_batch_committed", "name": "G-single_F_sampled_t1", "total_records": 192}
{"batch_index": 14, "budget_used": 2120, "completed_records": 120, "event": "evaluation_batch_committed", "name": "G-single_F_sampled_t1", "total_records": 192}
{"batch_index": 15, "budget_used": 2128, "completed_records": 128, "event": "evaluation_batch_committed", "name": "G-single_F_sampled_t1", "total_records": 192}
{"batch_index": 16, "budget_used": 2136, "completed_records": 136, "event": "evaluation_batch_committed", "name": "G-single_F_sampled_t1", "total_records": 192}
{"batch_index": 17, "budget_used": 2144, "completed_records": 144, "event": "evaluation_batch_committed", "name": "G-single_F_sampled_t1", "total_records": 192}
{"batch_index": 18, "budget_used": 2152, "completed_records": 152, "event": "evaluation_batch_committed", "name": "G-single_F_sampled_t1", "total_records": 192}
{"batch_index": 19, "budget_used": 2160, "completed_records": 160, "event": "evaluation_batch_committed", "name": "G-single_F_sampled_t1", "total_records": 192}
{"batch_index": 20, "budget_used": 2168, "completed_records": 168, "event": "evaluation_batch_committed", "name": "G-single_F_sampled_t1", "total_records": 192}
{"batch_index": 21, "budget_used": 2176, "completed_records": 176, "event": "evaluation_batch_committed", "name": "G-single_F_sampled_t1", "total_records": 192}
{"batch_index": 22, "budget_used": 2184, "completed_records": 184, "event": "evaluation_batch_committed", "name": "G-single_F_sampled_t1", "total_records": 192}
{"batch_index": 23, "budget_used": 2192, "completed_records": 192, "event": "evaluation_batch_committed", "name": "G-single_F_sampled_t1", "total_records": 192}
{"batch_index": 0, "budget_used": 2200, "completed_records": 8, "event": "evaluation_batch_committed", "name": "G-single_H_sampled_t0", "total_records": 192}
{"batch_index": 1, "budget_used": 2208, "completed_records": 16, "event": "evaluation_batch_committed", "name": "G-single_H_sampled_t0", "total_records": 192}
{"batch_index": 2, "budget_used": 2216, "completed_records": 24, "event": "evaluation_batch_committed", "name": "G-single_H_sampled_t0", "total_records": 192}
{"batch_index": 3, "budget_used": 2224, "completed_records": 32, "event": "evaluation_batch_committed", "name": "G-single_H_sampled_t0", "total_records": 192}
{"batch_index": 4, "budget_used": 2232, "completed_records": 40, "event": "evaluation_batch_committed", "name": "G-single_H_sampled_t0", "total_records": 192}
{"batch_index": 5, "budget_used": 2240, "completed_records": 48, "event": "evaluation_batch_committed", "name": "G-single_H_sampled_t0", "total_records": 192}
{"batch_index": 6, "budget_used": 2248, "completed_records": 56, "event": "evaluation_batch_committed", "name": "G-single_H_sampled_t0", "total_records": 192}
{"batch_index": 7, "budget_used": 2256, "completed_records": 64, "event": "evaluation_batch_committed", "name": "G-single_H_sampled_t0", "total_records": 192}
{"batch_index": 8, "budget_used": 2264, "completed_records": 72, "event": "evaluation_batch_committed", "name": "G-single_H_sampled_t0", "total_records": 192}
{"batch_index": 9, "budget_used": 2272, "completed_records": 80, "event": "evaluation_batch_committed", "name": "G-single_H_sampled_t0", "total_records": 192}
{"batch_index": 10, "budget_used": 2280, "completed_records": 88, "event": "evaluation_batch_committed", "name": "G-single_H_sampled_t0", "total_records": 192}
{"batch_index": 11, "budget_used": 2288, "completed_records": 96, "event": "evaluation_batch_committed", "name": "G-single_H_sampled_t0", "total_records": 192}
{"batch_index": 12, "budget_used": 2296, "completed_records": 104, "event": "evaluation_batch_committed", "name": "G-single_H_sampled_t0", "total_records": 192}
{"batch_index": 13, "budget_used": 2304, "completed_records": 112, "event": "evaluation_batch_committed", "name": "G-single_H_sampled_t0", "total_records": 192}
{"batch_index": 14, "budget_used": 2312, "completed_records": 120, "event": "evaluation_batch_committed", "name": "G-single_H_sampled_t0", "total_records": 192}
{"batch_index": 15, "budget_used": 2320, "completed_records": 128, "event": "evaluation_batch_committed", "name": "G-single_H_sampled_t0", "total_records": 192}
{"batch_index": 16, "budget_used": 2328, "completed_records": 136, "event": "evaluation_batch_committed", "name": "G-single_H_sampled_t0", "total_records": 192}
{"batch_index": 17, "budget_used": 2336, "completed_records": 144, "event": "evaluation_batch_committed", "name": "G-single_H_sampled_t0", "total_records": 192}
{"batch_index": 18, "budget_used": 2344, "completed_records": 152, "event": "evaluation_batch_committed", "name": "G-single_H_sampled_t0", "total_records": 192}
{"batch_index": 19, "budget_used": 2352, "completed_records": 160, "event": "evaluation_batch_committed", "name": "G-single_H_sampled_t0", "total_records": 192}
{"batch_index": 20, "budget_used": 2360, "completed_records": 168, "event": "evaluation_batch_committed", "name": "G-single_H_sampled_t0", "total_records": 192}
{"batch_index": 21, "budget_used": 2368, "completed_records": 176, "event": "evaluation_batch_committed", "name": "G-single_H_sampled_t0", "total_records": 192}
{"batch_index": 22, "budget_used": 2376, "completed_records": 184, "event": "evaluation_batch_committed", "name": "G-single_H_sampled_t0", "total_records": 192}
{"batch_index": 23, "budget_used": 2384, "completed_records": 192, "event": "evaluation_batch_committed", "name": "G-single_H_sampled_t0", "total_records": 192}
{"batch_index": 0, "budget_used": 2392, "completed_records": 8, "event": "evaluation_batch_committed", "name": "G-single_H_sampled_t1", "total_records": 192}
{"batch_index": 1, "budget_used": 2400, "completed_records": 16, "event": "evaluation_batch_committed", "name": "G-single_H_sampled_t1", "total_records": 192}
{"batch_index": 2, "budget_used": 2408, "completed_records": 24, "event": "evaluation_batch_committed", "name": "G-single_H_sampled_t1", "total_records": 192}
{"batch_index": 3, "budget_used": 2416, "completed_records": 32, "event": "evaluation_batch_committed", "name": "G-single_H_sampled_t1", "total_records": 192}
{"batch_index": 4, "budget_used": 2424, "completed_records": 40, "event": "evaluation_batch_committed", "name": "G-single_H_sampled_t1", "total_records": 192}
{"batch_index": 5, "budget_used": 2432, "completed_records": 48, "event": "evaluation_batch_committed", "name": "G-single_H_sampled_t1", "total_records": 192}
{"batch_index": 6, "budget_used": 2440, "completed_records": 56, "event": "evaluation_batch_committed", "name": "G-single_H_sampled_t1", "total_records": 192}
{"batch_index": 7, "budget_used": 2448, "completed_records": 64, "event": "evaluation_batch_committed", "name": "G-single_H_sampled_t1", "total_records": 192}
{"batch_index": 8, "budget_used": 2456, "completed_records": 72, "event": "evaluation_batch_committed", "name": "G-single_H_sampled_t1", "total_records": 192}
{"batch_index": 9, "budget_used": 2464, "completed_records": 80, "event": "evaluation_batch_committed", "name": "G-single_H_sampled_t1", "total_records": 192}
{"batch_index": 10, "budget_used": 2472, "completed_records": 88, "event": "evaluation_batch_committed", "name": "G-single_H_sampled_t1", "total_records": 192}
{"batch_index": 11, "budget_used": 2480, "completed_records": 96, "event": "evaluation_batch_committed", "name": "G-single_H_sampled_t1", "total_records": 192}
{"batch_index": 12, "budget_used": 2488, "completed_records": 104, "event": "evaluation_batch_committed", "name": "G-single_H_sampled_t1", "total_records": 192}
{"batch_index": 13, "budget_used": 2496, "completed_records": 112, "event": "evaluation_batch_committed", "name": "G-single_H_sampled_t1", "total_records": 192}
{"batch_index": 14, "budget_used": 2504, "completed_records": 120, "event": "evaluation_batch_committed", "name": "G-single_H_sampled_t1", "total_records": 192}
{"batch_index": 15, "budget_used": 2512, "completed_records": 128, "event": "evaluation_batch_committed", "name": "G-single_H_sampled_t1", "total_records": 192}
{"batch_index": 16, "budget_used": 2520, "completed_records": 136, "event": "evaluation_batch_committed", "name": "G-single_H_sampled_t1", "total_records": 192}
{"batch_index": 17, "budget_used": 2528, "completed_records": 144, "event": "evaluation_batch_committed", "name": "G-single_H_sampled_t1", "total_records": 192}
{"batch_index": 18, "budget_used": 2536, "completed_records": 152, "event": "evaluation_batch_committed", "name": "G-single_H_sampled_t1", "total_records": 192}
{"batch_index": 19, "budget_used": 2544, "completed_records": 160, "event": "evaluation_batch_committed", "name": "G-single_H_sampled_t1", "total_records": 192}
{"batch_index": 20, "budget_used": 2552, "completed_records": 168, "event": "evaluation_batch_committed", "name": "G-single_H_sampled_t1", "total_records": 192}
{"batch_index": 21, "budget_used": 2560, "completed_records": 176, "event": "evaluation_batch_committed", "name": "G-single_H_sampled_t1", "total_records": 192}
{"batch_index": 22, "budget_used": 2568, "completed_records": 184, "event": "evaluation_batch_committed", "name": "G-single_H_sampled_t1", "total_records": 192}
{"batch_index": 23, "budget_used": 2576, "completed_records": 192, "event": "evaluation_batch_committed", "name": "G-single_H_sampled_t1", "total_records": 192}
{"batch_index": 0, "budget_used": 2584, "completed_records": 8, "event": "evaluation_batch_committed", "name": "G-paired_F_sampled_t0", "total_records": 192}
{"batch_index": 1, "budget_used": 2592, "completed_records": 16, "event": "evaluation_batch_committed", "name": "G-paired_F_sampled_t0", "total_records": 192}
{"batch_index": 2, "budget_used": 2600, "completed_records": 24, "event": "evaluation_batch_committed", "name": "G-paired_F_sampled_t0", "total_records": 192}
{"batch_index": 3, "budget_used": 2608, "completed_records": 32, "event": "evaluation_batch_committed", "name": "G-paired_F_sampled_t0", "total_records": 192}
{"batch_index": 4, "budget_used": 2616, "completed_records": 40, "event": "evaluation_batch_committed", "name": "G-paired_F_sampled_t0", "total_records": 192}
{"batch_index": 5, "budget_used": 2624, "completed_records": 48, "event": "evaluation_batch_committed", "name": "G-paired_F_sampled_t0", "total_records": 192}
{"batch_index": 6, "budget_used": 2632, "completed_records": 56, "event": "evaluation_batch_committed", "name": "G-paired_F_sampled_t0", "total_records": 192}
{"batch_index": 7, "budget_used": 2640, "completed_records": 64, "event": "evaluation_batch_committed", "name": "G-paired_F_sampled_t0", "total_records": 192}
{"batch_index": 8, "budget_used": 2648, "completed_records": 72, "event": "evaluation_batch_committed", "name": "G-paired_F_sampled_t0", "total_records": 192}
{"batch_index": 9, "budget_used": 2656, "completed_records": 80, "event": "evaluation_batch_committed", "name": "G-paired_F_sampled_t0", "total_records": 192}
{"batch_index": 10, "budget_used": 2664, "completed_records": 88, "event": "evaluation_batch_committed", "name": "G-paired_F_sampled_t0", "total_records": 192}
{"batch_index": 11, "budget_used": 2672, "completed_records": 96, "event": "evaluation_batch_committed", "name": "G-paired_F_sampled_t0", "total_records": 192}
{"batch_index": 12, "budget_used": 2680, "completed_records": 104, "event": "evaluation_batch_committed", "name": "G-paired_F_sampled_t0", "total_records": 192}
{"batch_index": 13, "budget_used": 2688, "completed_records": 112, "event": "evaluation_batch_committed", "name": "G-paired_F_sampled_t0", "total_records": 192}
{"batch_index": 14, "budget_used": 2696, "completed_records": 120, "event": "evaluation_batch_committed", "name": "G-paired_F_sampled_t0", "total_records": 192}
{"batch_index": 15, "budget_used": 2704, "completed_records": 128, "event": "evaluation_batch_committed", "name": "G-paired_F_sampled_t0", "total_records": 192}
{"batch_index": 16, "budget_used": 2712, "completed_records": 136, "event": "evaluation_batch_committed", "name": "G-paired_F_sampled_t0", "total_records": 192}
{"batch_index": 17, "budget_used": 2720, "completed_records": 144, "event": "evaluation_batch_committed", "name": "G-paired_F_sampled_t0", "total_records": 192}
{"batch_index": 18, "budget_used": 2728, "completed_records": 152, "event": "evaluation_batch_committed", "name": "G-paired_F_sampled_t0", "total_records": 192}
{"batch_index": 19, "budget_used": 2736, "completed_records": 160, "event": "evaluation_batch_committed", "name": "G-paired_F_sampled_t0", "total_records": 192}
{"batch_index": 20, "budget_used": 2744, "completed_records": 168, "event": "evaluation_batch_committed", "name": "G-paired_F_sampled_t0", "total_records": 192}
{"batch_index": 21, "budget_used": 2752, "completed_records": 176, "event": "evaluation_batch_committed", "name": "G-paired_F_sampled_t0", "total_records": 192}
{"batch_index": 22, "budget_used": 2760, "completed_records": 184, "event": "evaluation_batch_committed", "name": "G-paired_F_sampled_t0", "total_records": 192}
{"batch_index": 23, "budget_used": 2768, "completed_records": 192, "event": "evaluation_batch_committed", "name": "G-paired_F_sampled_t0", "total_records": 192}
{"batch_index": 0, "budget_used": 2776, "completed_records": 8, "event": "evaluation_batch_committed", "name": "G-paired_F_sampled_t1", "total_records": 192}
{"batch_index": 1, "budget_used": 2784, "completed_records": 16, "event": "evaluation_batch_committed", "name": "G-paired_F_sampled_t1", "total_records": 192}
{"batch_index": 2, "budget_used": 2792, "completed_records": 24, "event": "evaluation_batch_committed", "name": "G-paired_F_sampled_t1", "total_records": 192}
{"batch_index": 3, "budget_used": 2800, "completed_records": 32, "event": "evaluation_batch_committed", "name": "G-paired_F_sampled_t1", "total_records": 192}
{"batch_index": 4, "budget_used": 2808, "completed_records": 40, "event": "evaluation_batch_committed", "name": "G-paired_F_sampled_t1", "total_records": 192}
{"batch_index": 5, "budget_used": 2816, "completed_records": 48, "event": "evaluation_batch_committed", "name": "G-paired_F_sampled_t1", "total_records": 192}
{"batch_index": 6, "budget_used": 2824, "completed_records": 56, "event": "evaluation_batch_committed", "name": "G-paired_F_sampled_t1", "total_records": 192}
{"batch_index": 7, "budget_used": 2832, "completed_records": 64, "event": "evaluation_batch_committed", "name": "G-paired_F_sampled_t1", "total_records": 192}
{"batch_index": 8, "budget_used": 2840, "completed_records": 72, "event": "evaluation_batch_committed", "name": "G-paired_F_sampled_t1", "total_records": 192}
{"batch_index": 9, "budget_used": 2848, "completed_records": 80, "event": "evaluation_batch_committed", "name": "G-paired_F_sampled_t1", "total_records": 192}
{"batch_index": 10, "budget_used": 2856, "completed_records": 88, "event": "evaluation_batch_committed", "name": "G-paired_F_sampled_t1", "total_records": 192}
{"batch_index": 11, "budget_used": 2864, "completed_records": 96, "event": "evaluation_batch_committed", "name": "G-paired_F_sampled_t1", "total_records": 192}
{"batch_index": 12, "budget_used": 2872, "completed_records": 104, "event": "evaluation_batch_committed", "name": "G-paired_F_sampled_t1", "total_records": 192}
{"batch_index": 13, "budget_used": 2880, "completed_records": 112, "event": "evaluation_batch_committed", "name": "G-paired_F_sampled_t1", "total_records": 192}
{"batch_index": 14, "budget_used": 2888, "completed_records": 120, "event": "evaluation_batch_committed", "name": "G-paired_F_sampled_t1", "total_records": 192}
{"batch_index": 15, "budget_used": 2896, "completed_records": 128, "event": "evaluation_batch_committed", "name": "G-paired_F_sampled_t1", "total_records": 192}
{"batch_index": 16, "budget_used": 2904, "completed_records": 136, "event": "evaluation_batch_committed", "name": "G-paired_F_sampled_t1", "total_records": 192}
{"batch_index": 17, "budget_used": 2912, "completed_records": 144, "event": "evaluation_batch_committed", "name": "G-paired_F_sampled_t1", "total_records": 192}
{"batch_index": 18, "budget_used": 2920, "completed_records": 152, "event": "evaluation_batch_committed", "name": "G-paired_F_sampled_t1", "total_records": 192}
{"batch_index": 19, "budget_used": 2928, "completed_records": 160, "event": "evaluation_batch_committed", "name": "G-paired_F_sampled_t1", "total_records": 192}
{"batch_index": 20, "budget_used": 2936, "completed_records": 168, "event": "evaluation_batch_committed", "name": "G-paired_F_sampled_t1", "total_records": 192}
{"batch_index": 21, "budget_used": 2944, "completed_records": 176, "event": "evaluation_batch_committed", "name": "G-paired_F_sampled_t1", "total_records": 192}
{"batch_index": 22, "budget_used": 2952, "completed_records": 184, "event": "evaluation_batch_committed", "name": "G-paired_F_sampled_t1", "total_records": 192}
{"batch_index": 23, "budget_used": 2960, "completed_records": 192, "event": "evaluation_batch_committed", "name": "G-paired_F_sampled_t1", "total_records": 192}
{"batch_index": 0, "budget_used": 2968, "completed_records": 8, "event": "evaluation_batch_committed", "name": "G-paired_H_sampled_t0", "total_records": 192}
{"batch_index": 1, "budget_used": 2976, "completed_records": 16, "event": "evaluation_batch_committed", "name": "G-paired_H_sampled_t0", "total_records": 192}
{"batch_index": 2, "budget_used": 2984, "completed_records": 24, "event": "evaluation_batch_committed", "name": "G-paired_H_sampled_t0", "total_records": 192}
{"batch_index": 3, "budget_used": 2992, "completed_records": 32, "event": "evaluation_batch_committed", "name": "G-paired_H_sampled_t0", "total_records": 192}
{"batch_index": 4, "budget_used": 3000, "completed_records": 40, "event": "evaluation_batch_committed", "name": "G-paired_H_sampled_t0", "total_records": 192}
{"batch_index": 5, "budget_used": 3008, "completed_records": 48, "event": "evaluation_batch_committed", "name": "G-paired_H_sampled_t0", "total_records": 192}
{"batch_index": 6, "budget_used": 3016, "completed_records": 56, "event": "evaluation_batch_committed", "name": "G-paired_H_sampled_t0", "total_records": 192}
{"batch_index": 7, "budget_used": 3024, "completed_records": 64, "event": "evaluation_batch_committed", "name": "G-paired_H_sampled_t0", "total_records": 192}
{"batch_index": 8, "budget_used": 3032, "completed_records": 72, "event": "evaluation_batch_committed", "name": "G-paired_H_sampled_t0", "total_records": 192}
{"batch_index": 9, "budget_used": 3040, "completed_records": 80, "event": "evaluation_batch_committed", "name": "G-paired_H_sampled_t0", "total_records": 192}
{"batch_index": 10, "budget_used": 3048, "completed_records": 88, "event": "evaluation_batch_committed", "name": "G-paired_H_sampled_t0", "total_records": 192}
{"batch_index": 11, "budget_used": 3056, "completed_records": 96, "event": "evaluation_batch_committed", "name": "G-paired_H_sampled_t0", "total_records": 192}
{"batch_index": 12, "budget_used": 3064, "completed_records": 104, "event": "evaluation_batch_committed", "name": "G-paired_H_sampled_t0", "total_records": 192}
{"batch_index": 13, "budget_used": 3072, "completed_records": 112, "event": "evaluation_batch_committed", "name": "G-paired_H_sampled_t0", "total_records": 192}
{"batch_index": 14, "budget_used": 3080, "completed_records": 120, "event": "evaluation_batch_committed", "name": "G-paired_H_sampled_t0", "total_records": 192}
{"batch_index": 15, "budget_used": 3088, "completed_records": 128, "event": "evaluation_batch_committed", "name": "G-paired_H_sampled_t0", "total_records": 192}
{"batch_index": 16, "budget_used": 3096, "completed_records": 136, "event": "evaluation_batch_committed", "name": "G-paired_H_sampled_t0", "total_records": 192}
{"batch_index": 17, "budget_used": 3104, "completed_records": 144, "event": "evaluation_batch_committed", "name": "G-paired_H_sampled_t0", "total_records": 192}
{"batch_index": 18, "budget_used": 3112, "completed_records": 152, "event": "evaluation_batch_committed", "name": "G-paired_H_sampled_t0", "total_records": 192}
{"batch_index": 19, "budget_used": 3120, "completed_records": 160, "event": "evaluation_batch_committed", "name": "G-paired_H_sampled_t0", "total_records": 192}
{"batch_index": 20, "budget_used": 3128, "completed_records": 168, "event": "evaluation_batch_committed", "name": "G-paired_H_sampled_t0", "total_records": 192}
{"batch_index": 21, "budget_used": 3136, "completed_records": 176, "event": "evaluation_batch_committed", "name": "G-paired_H_sampled_t0", "total_records": 192}
{"batch_index": 22, "budget_used": 3144, "completed_records": 184, "event": "evaluation_batch_committed", "name": "G-paired_H_sampled_t0", "total_records": 192}
{"batch_index": 23, "budget_used": 3152, "completed_records": 192, "event": "evaluation_batch_committed", "name": "G-paired_H_sampled_t0", "total_records": 192}
{"batch_index": 0, "budget_used": 3160, "completed_records": 8, "event": "evaluation_batch_committed", "name": "G-paired_H_sampled_t1", "total_records": 192}
{"batch_index": 1, "budget_used": 3168, "completed_records": 16, "event": "evaluation_batch_committed", "name": "G-paired_H_sampled_t1", "total_records": 192}
{"batch_index": 2, "budget_used": 3176, "completed_records": 24, "event": "evaluation_batch_committed", "name": "G-paired_H_sampled_t1", "total_records": 192}
{"batch_index": 3, "budget_used": 3184, "completed_records": 32, "event": "evaluation_batch_committed", "name": "G-paired_H_sampled_t1", "total_records": 192}
{"batch_index": 4, "budget_used": 3192, "completed_records": 40, "event": "evaluation_batch_committed", "name": "G-paired_H_sampled_t1", "total_records": 192}
{"batch_index": 5, "budget_used": 3200, "completed_records": 48, "event": "evaluation_batch_committed", "name": "G-paired_H_sampled_t1", "total_records": 192}
{"batch_index": 6, "budget_used": 3208, "completed_records": 56, "event": "evaluation_batch_committed", "name": "G-paired_H_sampled_t1", "total_records": 192}
{"batch_index": 7, "budget_used": 3216, "completed_records": 64, "event": "evaluation_batch_committed", "name": "G-paired_H_sampled_t1", "total_records": 192}
{"batch_index": 8, "budget_used": 3224, "completed_records": 72, "event": "evaluation_batch_committed", "name": "G-paired_H_sampled_t1", "total_records": 192}
{"batch_index": 9, "budget_used": 3232, "completed_records": 80, "event": "evaluation_batch_committed", "name": "G-paired_H_sampled_t1", "total_records": 192}
{"batch_index": 10, "budget_used": 3240, "completed_records": 88, "event": "evaluation_batch_committed", "name": "G-paired_H_sampled_t1", "total_records": 192}
{"batch_index": 11, "budget_used": 3248, "completed_records": 96, "event": "evaluation_batch_committed", "name": "G-paired_H_sampled_t1", "total_records": 192}
{"batch_index": 12, "budget_used": 3256, "completed_records": 104, "event": "evaluation_batch_committed", "name": "G-paired_H_sampled_t1", "total_records": 192}
{"batch_index": 13, "budget_used": 3264, "completed_records": 112, "event": "evaluation_batch_committed", "name": "G-paired_H_sampled_t1", "total_records": 192}
{"batch_index": 14, "budget_used": 3272, "completed_records": 120, "event": "evaluation_batch_committed", "name": "G-paired_H_sampled_t1", "total_records": 192}
{"batch_index": 15, "budget_used": 3280, "completed_records": 128, "event": "evaluation_batch_committed", "name": "G-paired_H_sampled_t1", "total_records": 192}
{"batch_index": 16, "budget_used": 3288, "completed_records": 136, "event": "evaluation_batch_committed", "name": "G-paired_H_sampled_t1", "total_records": 192}
{"batch_index": 17, "budget_used": 3296, "completed_records": 144, "event": "evaluation_batch_committed", "name": "G-paired_H_sampled_t1", "total_records": 192}
{"batch_index": 18, "budget_used": 3304, "completed_records": 152, "event": "evaluation_batch_committed", "name": "G-paired_H_sampled_t1", "total_records": 192}
{"batch_index": 19, "budget_used": 3312, "completed_records": 160, "event": "evaluation_batch_committed", "name": "G-paired_H_sampled_t1", "total_records": 192}
{"batch_index": 20, "budget_used": 3320, "completed_records": 168, "event": "evaluation_batch_committed", "name": "G-paired_H_sampled_t1", "total_records": 192}
{"batch_index": 21, "budget_used": 3328, "completed_records": 176, "event": "evaluation_batch_committed", "name": "G-paired_H_sampled_t1", "total_records": 192}
{"batch_index": 22, "budget_used": 3336, "completed_records": 184, "event": "evaluation_batch_committed", "name": "G-paired_H_sampled_t1", "total_records": 192}
{"batch_index": 23, "budget_used": 3344, "completed_records": 192, "event": "evaluation_batch_committed", "name": "G-paired_H_sampled_t1", "total_records": 192}
