{"batch_index": 0, "budget_used": 8, "completed_records": 8, "event": "evaluation_batch_committed", "name": "C-S_F_greedy", "total_records": 48}
{"batch_index": 1, "budget_used": 16, "completed_records": 16, "event": "evaluation_batch_committed", "name": "C-S_F_greedy", "total_records": 48}
{"batch_index": 2, "budget_used": 24, "completed_records": 24, "event": "evaluation_batch_committed", "name": "C-S_F_greedy", "total_records": 48}
{"batch_index": 3, "budget_used": 32, "completed_records": 32, "event": "evaluation_batch_committed", "name": "C-S_F_greedy", "total_records": 48}
{"batch_index": 4, "budget_used": 40, "completed_records": 40, "event": "evaluation_batch_committed", "name": "C-S_F_greedy", "total_records": 48}
{"batch_index": 5, "budget_used": 48, "completed_records": 48, "event": "evaluation_batch_committed", "name": "C-S_F_greedy", "total_records": 48}
{"batch_index": 0, "budget_used": 56, "completed_records": 8, "event": "evaluation_batch_committed", "name": "C-S_H_greedy", "total_records": 48}
{"batch_index": 1, "budget_used": 64, "completed_records": 16, "event": "evaluation_batch_committed", "name": "C-S_H_greedy", "total_records": 48}
{"batch_index": 2, "budget_used": 72, "completed_records": 24, "event": "evaluation_batch_committed", "name": "C-S_H_greedy", "total_records": 48}
{"batch_index": 3, "budget_used": 80, "completed_records": 32, "event": "evaluation_batch_committed", "name": "C-S_H_greedy", "total_records": 48}
{"batch_index": 4, "budget_used": 88, "completed_records": 40, "event": "evaluation_batch_committed", "name": "C-S_H_greedy", "total_records": 48}
{"batch_index": 5, "budget_used": 96, "completed_records": 48, "event": "evaluation_batch_committed", "name": "C-S_H_greedy", "total_records": 48}
{"batch_index": 0, "budget_used": 104, "completed_records": 8, "event": "evaluation_batch_committed", "name": "C-S_C_greedy", "total_records": 48}
{"batch_index": 1, "budget_used": 112, "completed_records": 16, "event": "evaluation_batch_committed", "name": "C-S_C_greedy", "total_records": 48}
{"batch_index": 2, "budget_used": 120, "completed_records": 24, "event": "evaluation_batch_committed", "name": "C-S_C_greedy", "total_records": 48}
{"batch_index": 3, "budget_used": 128, "completed_records": 32, "event": "evaluation_batch_committed", "name": "C-S_C_greedy", "total_records": 48}
{"batch_index": 4, "budget_used": 136, "completed_records": 40, "event": "evaluation_batch_committed", "name": "C-S_C_greedy", "total_records": 48}
{"batch_index": 5, "budget_used": 144, "completed_records": 48, "event": "evaluation_batch_committed", "name": "C-S_C_greedy", "total_records": 48}
{"batch_index": 0, "budget_used": 152, "completed_records": 8, "event": "evaluation_batch_committed", "name": "C-P_F_greedy", "total_records": 48}
{"batch_index": 1, "budget_used": 160, "completed_records": 16, "event": "evaluation_batch_committed", "name": "C-P_F_greedy", "total_records": 48}
{"batch_index": 2, "budget_used": 168, "completed_records": 24, "event": "evaluation_batch_committed", "name": "C-P_F_greedy", "total_records": 48}
{"batch_index": 3, "budget_used": 176, "completed_records": 32, "event": "evaluation_batch_committed", "name": "C-P_F_greedy", "total_records": 48}
{"batch_index": 4, "budget_used": 184, "completed_records": 40, "event": "evaluation_batch_committed", "name": "C-P_F_greedy", "total_records": 48}
{"batch_index": 5, "budget_used": 192, "completed_records": 48, "event": "evaluation_batch_committed", "name": "C-P_F_greedy", "total_records": 48}
{"batch_index": 0, "budget_used": 200, "completed_records": 8, "event": "evaluation_batch_committed", "name": "C-P_H_greedy", "total_records": 48}
{"batch_index": 1, "budget_used": 208, "completed_records": 16, "event": "evaluation_batch_committed", "name": "C-P_H_greedy", "total_records": 48}
{"batch_index": 2, "budget_used": 216, "completed_records": 24, "event": "evaluation_batch_committed", "name": "C-P_H_greedy", "total_records": 48}
{"batch_index": 3, "budget_used": 224, "completed_records": 32, "event": "evaluation_batch_committed", "name": "C-P_H_greedy", "total_records": 48}
{"batch_index": 4, "budget_used": 232, "completed_records": 40, "event": "evaluation_batch_committed", "name": "C-P_H_greedy", "total_records": 48}
{"batch_index": 5, "budget_used": 240, "completed_records": 48, "event": "evaluation_batch_committed", "name": "C-P_H_greedy", "total_records": 48}
{"batch_index": 0, "budget_used": 248, "completed_records": 8, "event": "evaluation_batch_committed", "name": "C-P_C_greedy", "total_records": 48}
{"batch_index": 1, "budget_used": 256, "completed_records": 16, "event": "evaluation_batch_committed", "name": "C-P_C_greedy", "total_records": 48}
{"batch_index": 2, "budget_used": 264, "completed_records": 24, "event": "evaluation_batch_committed", "name": "C-P_C_greedy", "total_records": 48}
{"batch_index": 3, "budget_used": 272, "completed_records": 32, "event": "evaluation_batch_committed", "name": "C-P_C_greedy", "total_records": 48}
{"batch_index": 4, "budget_used": 280, "completed_records": 40, "event": "evaluation_batch_committed", "name": "C-P_C_greedy", "total_records": 48}
{"batch_index": 5, "budget_used": 288, "completed_records": 48, "event": "evaluation_batch_committed", "name": "C-P_C_greedy", "total_records": 48}
{"batch_index": 0, "budget_used": 296, "completed_records": 8, "event": "evaluation_batch_committed", "name": "B-S_F_greedy", "total_records": 48}
{"batch_index": 1, "budget_used": 304, "completed_records": 16, "event": "evaluation_batch_committed", "name": "B-S_F_greedy", "total_records": 48}
{"batch_index": 2, "budget_used": 312, "completed_records": 24, "event": "evaluation_batch_committed", "name": "B-S_F_greedy", "total_records": 48}
{"batch_index": 3, "budget_used": 320, "completed_records": 32, "event": "evaluation_batch_committed", "name": "B-S_F_greedy", "total_records": 48}
{"batch_index": 4, "budget_used": 328, "completed_records": 40, "event": "evaluation_batch_committed", "name": "B-S_F_greedy", "total_records": 48}
{"batch_index": 5, "budget_used": 336, "completed_records": 48, "event": "evaluation_batch_committed", "name": "B-S_F_greedy", "total_records": 48}
{"batch_index": 0, "budget_used": 344, "completed_records": 8, "event": "evaluation_batch_committed", "name": "B-S_H_greedy", "total_records": 48}
{"batch_index": 1, "budget_used": 352, "completed_records": 16, "event": "evaluation_batch_committed", "name": "B-S_H_greedy", "total_records": 48}
{"batch_index": 2, "budget_used": 360, "completed_records": 24, "event": "evaluation_batch_committed", "name": "B-S_H_greedy", "total_records": 48}
{"batch_index": 3, "budget_used": 368, "completed_records": 32, "event": "evaluation_batch_committed", "name": "B-S_H_greedy", "total_records": 48}
{"batch_index": 4, "budget_used": 376, "completed_records": 40, "event": "evaluation_batch_committed", "name": "B-S_H_greedy", "total_records": 48}
{"batch_index": 5, "budget_used": 384, "completed_records": 48, "event": "evaluation_batch_committed", "name": "B-S_H_greedy", "total_records": 48}
{"batch_index": 0, "budget_used": 392, "completed_records": 8, "event": "evaluation_batch_committed", "name": "B-S_C_greedy", "total_records": 48}
{"batch_index": 1, "budget_used": 400, "completed_records": 16, "event": "evaluation_batch_committed", "name": "B-S_C_greedy", "total_records": 48}
{"batch_index": 2, "budget_used": 408, "completed_records": 24, "event": "evaluation_batch_committed", "name": "B-S_C_greedy", "total_records": 48}
{"batch_index": 3, "budget_used": 416, "completed_records": 32, "event": "evaluation_batch_committed", "name": "B-S_C_greedy", "total_records": 48}
{"batch_index": 4, "budget_used": 424, "completed_records": 40, "event": "evaluation_batch_committed", "name": "B-S_C_greedy", "total_records": 48}
{"batch_index": 5, "budget_used": 432, "completed_records": 48, "event": "evaluation_batch_committed", "name": "B-S_C_greedy", "total_records": 48}
{"batch_index": 0, "budget_used": 440, "completed_records": 8, "event": "evaluation_batch_committed", "name": "B-P_F_greedy", "total_records": 48}
{"batch_index": 1, "budget_used": 448, "completed_records": 16, "event": "evaluation_batch_committed", "name": "B-P_F_greedy", "total_records": 48}
{"batch_index": 2, "budget_used": 456, "completed_records": 24, "event": "evaluation_batch_committed", "name": "B-P_F_greedy", "total_records": 48}
{"batch_index": 3, "budget_used": 464, "completed_records": 32, "event": "evaluation_batch_committed", "name": "B-P_F_greedy", "total_records": 48}
{"batch_index": 4, "budget_used": 472, "completed_records": 40, "event": "evaluation_batch_committed", "name": "B-P_F_greedy", "total_records": 48}
{"batch_index": 5, "budget_used": 480, "completed_records": 48, "event": "evaluation_batch_committed", "name": "B-P_F_greedy", "total_records": 48}
{"batch_index": 0, "budget_used": 488, "completed_records": 8, "event": "evaluation_batch_committed", "name": "B-P_H_greedy", "total_records": 48}
{"batch_index": 1, "budget_used": 496, "completed_records": 16, "event": "evaluation_batch_committed", "name": "B-P_H_greedy", "total_records": 48}
{"batch_index": 2, "budget_used": 504, "completed_records": 24, "event": "evaluation_batch_committed", "name": "B-P_H_greedy", "total_records": 48}
{"batch_index": 3, "budget_used": 512, "completed_records": 32, "event": "evaluation_batch_committed", "name": "B-P_H_greedy", "total_records": 48}
{"batch_index": 4, "budget_used": 520, "completed_records": 40, "event": "evaluation_batch_committed", "name": "B-P_H_greedy", "total_records": 48}
{"batch_index": 5, "budget_used": 528, "completed_records": 48, "event": "evaluation_batch_committed", "name": "B-P_H_greedy", "total_records": 48}
{"batch_index": 0, "budget_used": 536, "completed_records": 8, "event": "evaluation_batch_committed", "name": "B-P_C_greedy", "total_records": 48}
{"batch_index": 1, "budget_used": 544, "completed_records": 16, "event": "evaluation_batch_committed", "name": "B-P_C_greedy", "total_records": 48}
{"batch_index": 2, "budget_used": 552, "completed_records": 24, "event": "evaluation_batch_committed", "name": "B-P_C_greedy", "total_records": 48}
{"batch_index": 3, "budget_used": 560, "completed_records": 32, "event": "evaluation_batch_committed", "name": "B-P_C_greedy", "total_records": 48}
{"batch_index": 4, "budget_used": 568, "completed_records": 40, "event": "evaluation_batch_committed", "name": "B-P_C_greedy", "total_records": 48}
{"batch_index": 5, "budget_used": 576, "completed_records": 48, "event": "evaluation_batch_committed", "name": "B-P_C_greedy", "total_records": 48}
{"batch_index": 0, "budget_used": 584, "completed_records": 8, "event": "evaluation_batch_committed", "name": "C-S_F_sampled", "total_records": 192}
{"batch_index": 1, "budget_used": 592, "completed_records": 16, "event": "evaluation_batch_committed", "name": "C-S_F_sampled", "total_records": 192}
{"batch_index": 2, "budget_used": 600, "completed_records": 24, "event": "evaluation_batch_committed", "name": "C-S_F_sampled", "total_records": 192}
{"batch_index": 3, "budget_used": 608, "completed_records": 32, "event": "evaluation_batch_committed", "name": "C-S_F_sampled", "total_records": 192}
{"batch_index": 4, "budget_used": 616, "completed_records": 40, "event": "evaluation_batch_committed", "name": "C-S_F_sampled", "total_records": 192}
{"batch_index": 5, "budget_used": 624, "completed_records": 48, "event": "evaluation_batch_committed", "name": "C-S_F_sampled", "total_records": 192}
{"batch_index": 6, "budget_used": 632, "completed_records": 56, "event": "evaluation_batch_committed", "name": "C-S_F_sampled", "total_records": 192}
{"batch_index": 7, "budget_used": 640, "completed_records": 64, "event": "evaluation_batch_committed", "name": "C-S_F_sampled", "total_records": 192}
{"batch_index": 8, "budget_used": 648, "completed_records": 72, "event": "evaluation_batch_committed", "name": "C-S_F_sampled", "total_records": 192}
{"batch_index": 9, "budget_used": 656, "completed_records": 80, "event": "evaluation_batch_committed", "name": "C-S_F_sampled", "total_records": 192}
{"batch_index": 10, "budget_used": 664, "completed_records": 88, "event": "evaluation_batch_committed", "name": "C-S_F_sampled", "total_records": 192}
{"batch_index": 11, "budget_used": 672, "completed_records": 96, "event": "evaluation_batch_committed", "name": "C-S_F_sampled", "total_records": 192}
{"batch_index": 12, "budget_used": 680, "completed_records": 104, "event": "evaluation_batch_committed", "name": "C-S_F_sampled", "total_records": 192}
{"batch_index": 13, "budget_used": 688, "completed_records": 112, "event": "evaluation_batch_committed", "name": "C-S_F_sampled", "total_records": 192}
{"batch_index": 14, "budget_used": 696, "completed_records": 120, "event": "evaluation_batch_committed", "name": "C-S_F_sampled", "total_records": 192}
{"batch_index": 15, "budget_used": 704, "completed_records": 128, "event": "evaluation_batch_committed", "name": "C-S_F_sampled", "total_records": 192}
{"batch_index": 16, "budget_used": 712, "completed_records": 136, "event": "evaluation_batch_committed", "name": "C-S_F_sampled", "total_records": 192}
{"batch_index": 17, "budget_used": 720, "completed_records": 144, "event": "evaluation_batch_committed", "name": "C-S_F_sampled", "total_records": 192}
{"batch_index": 18, "budget_used": 728, "completed_records": 152, "event": "evaluation_batch_committed", "name": "C-S_F_sampled", "total_records": 192}
{"batch_index": 19, "budget_used": 736, "completed_records": 160, "event": "evaluation_batch_committed", "name": "C-S_F_sampled", "total_records": 192}
{"batch_index": 20, "budget_used": 744, "completed_records": 168, "event": "evaluation_batch_committed", "name": "C-S_F_sampled", "total_records": 192}
{"batch_index": 21, "budget_used": 752, "completed_records": 176, "event": "evaluation_batch_committed", "name": "C-S_F_sampled", "total_records": 192}
{"batch_index": 22, "budget_used": 760, "completed_records": 184, "event": "evaluation_batch_committed", "name": "C-S_F_sampled", "total_records": 192}
{"batch_index": 23, "budget_used": 768, "completed_records": 192, "event": "evaluation_batch_committed", "name": "C-S_F_sampled", "total_records": 192}
{"batch_index": 0, "budget_used": 776, "completed_records": 8, "event": "evaluation_batch_committed", "name": "C-S_H_sampled", "total_records": 192}
{"batch_index": 1, "budget_used": 784, "completed_records": 16, "event": "evaluation_batch_committed", "name": "C-S_H_sampled", "total_records": 192}
{"batch_index": 2, "budget_used": 792, "completed_records": 24, "event": "evaluation_batch_committed", "name": "C-S_H_sampled", "total_records": 192}
{"batch_index": 3, "budget_used": 800, "completed_records": 32, "event": "evaluation_batch_committed", "name": "C-S_H_sampled", "total_records": 192}
{"batch_index": 4, "budget_used": 808, "completed_records": 40, "event": "evaluation_batch_committed", "name": "C-S_H_sampled", "total_records": 192}
{"batch_index": 5, "budget_used": 816, "completed_records": 48, "event": "evaluation_batch_committed", "name": "C-S_H_sampled", "total_records": 192}
{"batch_index": 6, "budget_used": 824, "completed_records": 56, "event": "evaluation_batch_committed", "name": "C-S_H_sampled", "total_records": 192}
{"batch_index": 7, "budget_used": 832, "completed_records": 64, "event": "evaluation_batch_committed", "name": "C-S_H_sampled", "total_records": 192}
{"batch_index": 8, "budget_used": 840, "completed_records": 72, "event": "evaluation_batch_committed", "name": "C-S_H_sampled", "total_records": 192}
{"batch_index": 9, "budget_used": 848, "completed_records": 80, "event": "evaluation_batch_committed", "name": "C-S_H_sampled", "total_records": 192}
{"batch_index": 10, "budget_used": 856, "completed_records": 88, "event": "evaluation_batch_committed", "name": "C-S_H_sampled", "total_records": 192}
{"batch_index": 11, "budget_used": 864, "completed_records": 96, "event": "evaluation_batch_committed", "name": "C-S_H_sampled", "total_records": 192}
{"batch_index": 12, "budget_used": 872, "completed_records": 104, "event": "evaluation_batch_committed", "name": "C-S_H_sampled", "total_records": 192}
{"batch_index": 13, "budget_used": 880, "completed_records": 112, "event": "evaluation_batch_committed", "name": "C-S_H_sampled", "total_records": 192}
{"batch_index": 14, "budget_used": 888, "completed_records": 120, "event": "evaluation_batch_committed", "name": "C-S_H_sampled", "total_records": 192}
{"batch_index": 15, "budget_used": 896, "completed_records": 128, "event": "evaluation_batch_committed", "name": "C-S_H_sampled", "total_records": 192}
{"batch_index": 16, "budget_used": 904, "completed_records": 136, "event": "evaluation_batch_committed", "name": "C-S_H_sampled", "total_records": 192}
{"batch_index": 17, "budget_used": 912, "completed_records": 144, "event": "evaluation_batch_committed", "name": "C-S_H_sampled", "total_records": 192}
{"batch_index": 18, "budget_used": 920, "completed_records": 152, "event": "evaluation_batch_committed", "name": "C-S_H_sampled", "total_records": 192}
{"batch_index": 19, "budget_used": 928, "completed_records": 160, "event": "evaluation_batch_committed", "name": "C-S_H_sampled", "total_records": 192}
{"batch_index": 20, "budget_used": 936, "completed_records": 168, "event": "evaluation_batch_committed", "name": "C-S_H_sampled", "total_records": 192}
{"batch_index": 21, "budget_used": 944, "completed_records": 176, "event": "evaluation_batch_committed", "name": "C-S_H_sampled", "total_records": 192}
{"batch_index": 22, "budget_used": 952, "completed_records": 184, "event": "evaluation_batch_committed", "name": "C-S_H_sampled", "total_records": 192}
{"batch_index": 23, "budget_used": 960, "completed_records": 192, "event": "evaluation_batch_committed", "name": "C-S_H_sampled", "total_records": 192}
{"batch_index": 0, "budget_used": 968, "completed_records": 8, "event": "evaluation_batch_committed", "name": "C-P_F_sampled", "total_records": 192}
{"batch_index": 1, "budget_used": 976, "completed_records": 16, "event": "evaluation_batch_committed", "name": "C-P_F_sampled", "total_records": 192}
{"batch_index": 2, "budget_used": 984, "completed_records": 24, "event": "evaluation_batch_committed", "name": "C-P_F_sampled", "total_records": 192}
{"batch_index": 3, "budget_used": 992, "completed_records": 32, "event": "evaluation_batch_committed", "name": "C-P_F_sampled", "total_records": 192}
{"batch_index": 4, "budget_used": 1000, "completed_records": 40, "event": "evaluation_batch_committed", "name": "C-P_F_sampled", "total_records": 192}
{"batch_index": 5, "budget_used": 1008, "completed_records": 48, "event": "evaluation_batch_committed", "name": "C-P_F_sampled", "total_records": 192}
{"batch_index": 6, "budget_used": 1016, "completed_records": 56, "event": "evaluation_batch_committed", "name": "C-P_F_sampled", "total_records": 192}
{"batch_index": 7, "budget_used": 1024, "completed_records": 64, "event": "evaluation_batch_committed", "name": "C-P_F_sampled", "total_records": 192}
{"batch_index": 8, "budget_used": 1032, "completed_records": 72, "event": "evaluation_batch_committed", "name": "C-P_F_sampled", "total_records": 192}
{"batch_index": 9, "budget_used": 1040, "completed_records": 80, "event": "evaluation_batch_committed", "name": "C-P_F_sampled", "total_records": 192}
{"batch_index": 10, "budget_used": 1048, "completed_records": 88, "event": "evaluation_batch_committed", "name": "C-P_F_sampled", "total_records": 192}
{"batch_index": 11, "budget_used": 1056, "completed_records": 96, "event": "evaluation_batch_committed", "name": "C-P_F_sampled", "total_records": 192}
{"batch_index": 12, "budget_used": 1064, "completed_records": 104, "event": "evaluation_batch_committed", "name": "C-P_F_sampled", "total_records": 192}
{"batch_index": 13, "budget_used": 1072, "completed_records": 112, "event": "evaluation_batch_committed", "name": "C-P_F_sampled", "total_records": 192}
{"batch_index": 14, "budget_used": 1080, "completed_records": 120, "event": "evaluation_batch_committed", "name": "C-P_F_sampled", "total_records": 192}
{"batch_index": 15, "budget_used": 1088, "completed_records": 128, "event": "evaluation_batch_committed", "name": "C-P_F_sampled", "total_records": 192}
{"batch_index": 16, "budget_used": 1096, "completed_records": 136, "event": "evaluation_batch_committed", "name": "C-P_F_sampled", "total_records": 192}
{"batch_index": 17, "budget_used": 1104, "completed_records": 144, "event": "evaluation_batch_committed", "name": "C-P_F_sampled", "total_records": 192}
{"batch_index": 18, "budget_used": 1112, "completed_records": 152, "event": "evaluation_batch_committed", "name": "C-P_F_sampled", "total_records": 192}
{"batch_index": 19, "budget_used": 1120, "completed_records": 160, "event": "evaluation_batch_committed", "name": "C-P_F_sampled", "total_records": 192}
{"batch_index": 20, "budget_used": 1128, "completed_records": 168, "event": "evaluation_batch_committed", "name": "C-P_F_sampled", "total_records": 192}
{"batch_index": 21, "budget_used": 1136, "completed_records": 176, "event": "evaluation_batch_committed", "name": "C-P_F_sampled", "total_records": 192}
{"batch_index": 22, "budget_used": 1144, "completed_records": 184, "event": "evaluation_batch_committed", "name": "C-P_F_sampled", "total_records": 192}
{"batch_index": 23, "budget_used": 1152, "completed_records": 192, "event": "evaluation_batch_committed", "name": "C-P_F_sampled", "total_records": 192}
{"batch_index": 0, "budget_used": 1160, "completed_records": 8, "event": "evaluation_batch_committed", "name": "C-P_H_sampled", "total_records": 192}
{"batch_index": 1, "budget_used": 1168, "completed_records": 16, "event": "evaluation_batch_committed", "name": "C-P_H_sampled", "total_records": 192}
{"batch_index": 2, "budget_used": 1176, "completed_records": 24, "event": "evaluation_batch_committed", "name": "C-P_H_sampled", "total_records": 192}
{"batch_index": 3, "budget_used": 1184, "completed_records": 32, "event": "evaluation_batch_committed", "name": "C-P_H_sampled", "total_records": 192}
{"batch_index": 4, "budget_used": 1192, "completed_records": 40, "event": "evaluation_batch_committed", "name": "C-P_H_sampled", "total_records": 192}
{"batch_index": 5, "budget_used": 1200, "completed_records": 48, "event": "evaluation_batch_committed", "name": "C-P_H_sampled", "total_records": 192}
{"batch_index": 6, "budget_used": 1208, "completed_records": 56, "event": "evaluation_batch_committed", "name": "C-P_H_sampled", "total_records": 192}
{"batch_index": 7, "budget_used": 1216, "completed_records": 64, "event": "evaluation_batch_committed", "name": "C-P_H_sampled", "total_records": 192}
{"batch_index": 8, "budget_used": 1224, "completed_records": 72, "event": "evaluation_batch_committed", "name": "C-P_H_sampled", "total_records": 192}
{"batch_index": 9, "budget_used": 1232, "completed_records": 80, "event": "evaluation_batch_committed", "name": "C-P_H_sampled", "total_records": 192}
{"batch_index": 10, "budget_used": 1240, "completed_records": 88, "event": "evaluation_batch_committed", "name": "C-P_H_sampled", "total_records": 192}
{"batch_index": 11, "budget_used": 1248, "completed_records": 96, "event": "evaluation_batch_committed", "name": "C-P_H_sampled", "total_records": 192}
{"batch_index": 12, "budget_used": 1256, "completed_records": 104, "event": "evaluation_batch_committed", "name": "C-P_H_sampled", "total_records": 192}
{"batch_index": 13, "budget_used": 1264, "completed_records": 112, "event": "evaluation_batch_committed", "name": "C-P_H_sampled", "total_records": 192}
{"batch_index": 14, "budget_used": 1272, "completed_records": 120, "event": "evaluation_batch_committed", "name": "C-P_H_sampled", "total_records": 192}
{"batch_index": 15, "budget_used": 1280, "completed_records": 128, "event": "evaluation_batch_committed", "name": "C-P_H_sampled", "total_records": 192}
{"batch_index": 16, "budget_used": 1288, "completed_records": 136, "event": "evaluation_batch_committed", "name": "C-P_H_sampled", "total_records": 192}
{"batch_index": 17, "budget_used": 1296, "completed_records": 144, "event": "evaluation_batch_committed", "name": "C-P_H_sampled", "total_records": 192}
{"batch_index": 18, "budget_used": 1304, "completed_records": 152, "event": "evaluation_batch_committed", "name": "C-P_H_sampled", "total_records": 192}
{"batch_index": 19, "budget_used": 1312, "completed_records": 160, "event": "evaluation_batch_committed", "name": "C-P_H_sampled", "total_records": 192}
{"batch_index": 20, "budget_used": 1320, "completed_records": 168, "event": "evaluation_batch_committed", "name": "C-P_H_sampled", "total_records": 192}
{"batch_index": 21, "budget_used": 1328, "completed_records": 176, "event": "evaluation_batch_committed", "name": "C-P_H_sampled", "total_records": 192}
{"batch_index": 22, "budget_used": 1336, "completed_records": 184, "event": "evaluation_batch_committed", "name": "C-P_H_sampled", "total_records": 192}
{"batch_index": 23, "budget_used": 1344, "completed_records": 192, "event": "evaluation_batch_committed", "name": "C-P_H_sampled", "total_records": 192}
{"batch_index": 0, "budget_used": 1352, "completed_records": 8, "event": "evaluation_batch_committed", "name": "B-S_F_sampled", "total_records": 192}
{"batch_index": 1, "budget_used": 1360, "completed_records": 16, "event": "evaluation_batch_committed", "name": "B-S_F_sampled", "total_records": 192}
{"batch_index": 2, "budget_used": 1368, "completed_records": 24, "event": "evaluation_batch_committed", "name": "B-S_F_sampled", "total_records": 192}
{"batch_index": 3, "budget_used": 1376, "completed_records": 32, "event": "evaluation_batch_committed", "name": "B-S_F_sampled", "total_records": 192}
{"batch_index": 4, "budget_used": 1384, "completed_records": 40, "event": "evaluation_batch_committed", "name": "B-S_F_sampled", "total_records": 192}
{"batch_index": 5, "budget_used": 1392, "completed_records": 48, "event": "evaluation_batch_committed", "name": "B-S_F_sampled", "total_records": 192}
{"batch_index": 6, "budget_used": 1400, "completed_records": 56, "event": "evaluation_batch_committed", "name": "B-S_F_sampled", "total_records": 192}
{"batch_index": 7, "budget_used": 1408, "completed_records": 64, "event": "evaluation_batch_committed", "name": "B-S_F_sampled", "total_records": 192}
{"batch_index": 8, "budget_used": 1416, "completed_records": 72, "event": "evaluation_batch_committed", "name": "B-S_F_sampled", "total_records": 192}
{"batch_index": 9, "budget_used": 1424, "completed_records": 80, "event": "evaluation_batch_committed", "name": "B-S_F_sampled", "total_records": 192}
{"batch_index": 10, "budget_used": 1432, "completed_records": 88, "event": "evaluation_batch_committed", "name": "B-S_F_sampled", "total_records": 192}
{"batch_index": 11, "budget_used": 1440, "completed_records": 96, "event": "evaluation_batch_committed", "name": "B-S_F_sampled", "total_records": 192}
{"batch_index": 12, "budget_used": 1448, "completed_records": 104, "event": "evaluation_batch_committed", "name": "B-S_F_sampled", "total_records": 192}
{"batch_index": 13, "budget_used": 1456, "completed_records": 112, "event": "evaluation_batch_committed", "name": "B-S_F_sampled", "total_records": 192}
{"batch_index": 14, "budget_used": 1464, "completed_records": 120, "event": "evaluation_batch_committed", "name": "B-S_F_sampled", "total_records": 192}
{"batch_index": 15, "budget_used": 1472, "completed_records": 128, "event": "evaluation_batch_committed", "name": "B-S_F_sampled", "total_records": 192}
{"batch_index": 16, "budget_used": 1480, "completed_records": 136, "event": "evaluation_batch_committed", "name": "B-S_F_sampled", "total_records": 192}
{"batch_index": 17, "budget_used": 1488, "completed_records": 144, "event": "evaluation_batch_committed", "name": "B-S_F_sampled", "total_records": 192}
{"batch_index": 18, "budget_used": 1496, "completed_records": 152, "event": "evaluation_batch_committed", "name": "B-S_F_sampled", "total_records": 192}
{"batch_index": 19, "budget_used": 1504, "completed_records": 160, "event": "evaluation_batch_committed", "name": "B-S_F_sampled", "total_records": 192}
{"batch_index": 20, "budget_used": 1512, "completed_records": 168, "event": "evaluation_batch_committed", "name": "B-S_F_sampled", "total_records": 192}
{"batch_index": 21, "budget_used": 1520, "completed_records": 176, "event": "evaluation_batch_committed", "name": "B-S_F_sampled", "total_records": 192}
{"batch_index": 22, "budget_used": 1528, "completed_records": 184, "event": "evaluation_batch_committed", "name": "B-S_F_sampled", "total_records": 192}
{"batch_index": 23, "budget_used": 1536, "completed_records": 192, "event": "evaluation_batch_committed", "name": "B-S_F_sampled", "total_records": 192}
{"batch_index": 0, "budget_used": 1544, "completed_records": 8, "event": "evaluation_batch_committed", "name": "B-S_H_sampled", "total_records": 192}
{"batch_index": 1, "budget_used": 1552, "completed_records": 16, "event": "evaluation_batch_committed", "name": "B-S_H_sampled", "total_records": 192}
{"batch_index": 2, "budget_used": 1560, "completed_records": 24, "event": "evaluation_batch_committed", "name": "B-S_H_sampled", "total_records": 192}
{"batch_index": 3, "budget_used": 1568, "completed_records": 32, "event": "evaluation_batch_committed", "name": "B-S_H_sampled", "total_records": 192}
{"batch_index": 4, "budget_used": 1576, "completed_records": 40, "event": "evaluation_batch_committed", "name": "B-S_H_sampled", "total_records": 192}
{"batch_index": 5, "budget_used": 1584, "completed_records": 48, "event": "evaluation_batch_committed", "name": "B-S_H_sampled", "total_records": 192}
{"batch_index": 6, "budget_used": 1592, "completed_records": 56, "event": "evaluation_batch_committed", "name": "B-S_H_sampled", "total_records": 192}
{"batch_index": 7, "budget_used": 1600, "completed_records": 64, "event": "evaluation_batch_committed", "name": "B-S_H_sampled", "total_records": 192}
{"batch_index": 8, "budget_used": 1608, "completed_records": 72, "event": "evaluation_batch_committed", "name": "B-S_H_sampled", "total_records": 192}
{"batch_index": 9, "budget_used": 1616, "completed_records": 80, "event": "evaluation_batch_committed", "name": "B-S_H_sampled", "total_records": 192}
{"batch_index": 10, "budget_used": 1624, "completed_records": 88, "event": "evaluation_batch_committed", "name": "B-S_H_sampled", "total_records": 192}
{"batch_index": 11, "budget_used": 1632, "completed_records": 96, "event": "evaluation_batch_committed", "name": "B-S_H_sampled", "total_records": 192}
{"batch_index": 12, "budget_used": 1640, "completed_records": 104, "event": "evaluation_batch_committed", "name": "B-S_H_sampled", "total_records": 192}
{"batch_index": 13, "budget_used": 1648, "completed_records": 112, "event": "evaluation_batch_committed", "name": "B-S_H_sampled", "total_records": 192}
{"batch_index": 14, "budget_used": 1656, "completed_records": 120, "event": "evaluation_batch_committed", "name": "B-S_H_sampled", "total_records": 192}
{"batch_index": 15, "budget_used": 1664, "completed_records": 128, "event": "evaluation_batch_committed", "name": "B-S_H_sampled", "total_records": 192}
{"batch_index": 16, "budget_used": 1672, "completed_records": 136, "event": "evaluation_batch_committed", "name": "B-S_H_sampled", "total_records": 192}
{"batch_index": 17, "budget_used": 1680, "completed_records": 144, "event": "evaluation_batch_committed", "name": "B-S_H_sampled", "total_records": 192}
{"batch_index": 18, "budget_used": 1688, "completed_records": 152, "event": "evaluation_batch_committed", "name": "B-S_H_sampled", "total_records": 192}
{"batch_index": 19, "budget_used": 1696, "completed_records": 160, "event": "evaluation_batch_committed", "name": "B-S_H_sampled", "total_records": 192}
{"batch_index": 20, "budget_used": 1704, "completed_records": 168, "event": "evaluation_batch_committed", "name": "B-S_H_sampled", "total_records": 192}
{"batch_index": 21, "budget_used": 1712, "completed_records": 176, "event": "evaluation_batch_committed", "name": "B-S_H_sampled", "total_records": 192}
{"batch_index": 22, "budget_used": 1720, "completed_records": 184, "event": "evaluation_batch_committed", "name": "B-S_H_sampled", "total_records": 192}
{"batch_index": 23, "budget_used": 1728, "completed_records": 192, "event": "evaluation_batch_committed", "name": "B-S_H_sampled", "total_records": 192}
{"batch_index": 0, "budget_used": 1736, "completed_records": 8, "event": "evaluation_batch_committed", "name": "B-P_F_sampled", "total_records": 192}
{"batch_index": 1, "budget_used": 1744, "completed_records": 16, "event": "evaluation_batch_committed", "name": "B-P_F_sampled", "total_records": 192}
{"batch_index": 2, "budget_used": 1752, "completed_records": 24, "event": "evaluation_batch_committed", "name": "B-P_F_sampled", "total_records": 192}
{"batch_index": 3, "budget_used": 1760, "completed_records": 32, "event": "evaluation_batch_committed", "name": "B-P_F_sampled", "total_records": 192}
{"batch_index": 4, "budget_used": 1768, "completed_records": 40, "event": "evaluation_batch_committed", "name": "B-P_F_sampled", "total_records": 192}
{"batch_index": 5, "budget_used": 1776, "completed_records": 48, "event": "evaluation_batch_committed", "name": "B-P_F_sampled", "total_records": 192}
{"batch_index": 6, "budget_used": 1784, "completed_records": 56, "event": "evaluation_batch_committed", "name": "B-P_F_sampled", "total_records": 192}
{"batch_index": 7, "budget_used": 1792, "completed_records": 64, "event": "evaluation_batch_committed", "name": "B-P_F_sampled", "total_records": 192}
{"batch_index": 8, "budget_used": 1800, "completed_records": 72, "event": "evaluation_batch_committed", "name": "B-P_F_sampled", "total_records": 192}
{"batch_index": 9, "budget_used": 1808, "completed_records": 80, "event": "evaluation_batch_committed", "name": "B-P_F_sampled", "total_records": 192}
{"batch_index": 10, "budget_used": 1816, "completed_records": 88, "event": "evaluation_batch_committed", "name": "B-P_F_sampled", "total_records": 192}
{"batch_index": 11, "budget_used": 1824, "completed_records": 96, "event": "evaluation_batch_committed", "name": "B-P_F_sampled", "total_records": 192}
{"batch_index": 12, "budget_used": 1832, "completed_records": 104, "event": "evaluation_batch_committed", "name": "B-P_F_sampled", "total_records": 192}
{"batch_index": 13, "budget_used": 1840, "completed_records": 112, "event": "evaluation_batch_committed", "name": "B-P_F_sampled", "total_records": 192}
{"batch_index": 14, "budget_used": 1848, "completed_records": 120, "event": "evaluation_batch_committed", "name": "B-P_F_sampled", "total_records": 192}
{"batch_index": 15, "budget_used": 1856, "completed_records": 128, "event": "evaluation_batch_committed", "name": "B-P_F_sampled", "total_records": 192}
{"batch_index": 16, "budget_used": 1864, "completed_records": 136, "event": "evaluation_batch_committed", "name": "B-P_F_sampled", "total_records": 192}
{"batch_index": 17, "budget_used": 1872, "completed_records": 144, "event": "evaluation_batch_committed", "name": "B-P_F_sampled", "total_records": 192}
{"batch_index": 18, "budget_used": 1880, "completed_records": 152, "event": "evaluation_batch_committed", "name": "B-P_F_sampled", "total_records": 192}
{"batch_index": 19, "budget_used": 1888, "completed_records": 160, "event": "evaluation_batch_committed", "name": "B-P_F_sampled", "total_records": 192}
{"batch_index": 20, "budget_used": 1896, "completed_records": 168, "event": "evaluation_batch_committed", "name": "B-P_F_sampled", "total_records": 192}
{"batch_index": 21, "budget_used": 1904, "completed_records": 176, "event": "evaluation_batch_committed", "name": "B-P_F_sampled", "total_records": 192}
{"batch_index": 22, "budget_used": 1912, "completed_records": 184, "event": "evaluation_batch_committed", "name": "B-P_F_sampled", "total_records": 192}
{"batch_index": 23, "budget_used": 1920, "completed_records": 192, "event": "evaluation_batch_committed", "name": "B-P_F_sampled", "total_records": 192}
{"batch_index": 0, "budget_used": 1928, "completed_records": 8, "event": "evaluation_batch_committed", "name": "B-P_H_sampled", "total_records": 192}
{"batch_index": 1, "budget_used": 1936, "completed_records": 16, "event": "evaluation_batch_committed", "name": "B-P_H_sampled", "total_records": 192}
{"batch_index": 2, "budget_used": 1944, "completed_records": 24, "event": "evaluation_batch_committed", "name": "B-P_H_sampled", "total_records": 192}
{"batch_index": 3, "budget_used": 1952, "completed_records": 32, "event": "evaluation_batch_committed", "name": "B-P_H_sampled", "total_records": 192}
{"batch_index": 4, "budget_used": 1960, "completed_records": 40, "event": "evaluation_batch_committed", "name": "B-P_H_sampled", "total_records": 192}
{"batch_index": 5, "budget_used": 1968, "completed_records": 48, "event": "evaluation_batch_committed", "name": "B-P_H_sampled", "total_records": 192}
{"batch_index": 6, "budget_used": 1976, "completed_records": 56, "event": "evaluation_batch_committed", "name": "B-P_H_sampled", "total_records": 192}
{"batch_index": 7, "budget_used": 1984, "completed_records": 64, "event": "evaluation_batch_committed", "name": "B-P_H_sampled", "total_records": 192}
{"batch_index": 8, "budget_used": 1992, "completed_records": 72, "event": "evaluation_batch_committed", "name": "B-P_H_sampled", "total_records": 192}
{"batch_index": 9, "budget_used": 2000, "completed_records": 80, "event": "evaluation_batch_committed", "name": "B-P_H_sampled", "total_records": 192}
{"batch_index": 10, "budget_used": 2008, "completed_records": 88, "event": "evaluation_batch_committed", "name": "B-P_H_sampled", "total_records": 192}
{"batch_index": 11, "budget_used": 2016, "completed_records": 96, "event": "evaluation_batch_committed", "name": "B-P_H_sampled", "total_records": 192}
{"batch_index": 12, "budget_used": 2024, "completed_records": 104, "event": "evaluation_batch_committed", "name": "B-P_H_sampled", "total_records": 192}
{"batch_index": 13, "budget_used": 2032, "completed_records": 112, "event": "evaluation_batch_committed", "name": "B-P_H_sampled", "total_records": 192}
{"batch_index": 14, "budget_used": 2040, "completed_records": 120, "event": "evaluation_batch_committed", "name": "B-P_H_sampled", "total_records": 192}
{"batch_index": 15, "budget_used": 2048, "completed_records": 128, "event": "evaluation_batch_committed", "name": "B-P_H_sampled", "total_records": 192}
{"batch_index": 16, "budget_used": 2056, "completed_records": 136, "event": "evaluation_batch_committed", "name": "B-P_H_sampled", "total_records": 192}
{"batch_index": 17, "budget_used": 2064, "completed_records": 144, "event": "evaluation_batch_committed", "name": "B-P_H_sampled", "total_records": 192}
{"batch_index": 18, "budget_used": 2072, "completed_records": 152, "event": "evaluation_batch_committed", "name": "B-P_H_sampled", "total_records": 192}
{"batch_index": 19, "budget_used": 2080, "completed_records": 160, "event": "evaluation_batch_committed", "name": "B-P_H_sampled", "total_records": 192}
{"batch_index": 20, "budget_used": 2088, "completed_records": 168, "event": "evaluation_batch_committed", "name": "B-P_H_sampled", "total_records": 192}
{"batch_index": 21, "budget_used": 2096, "completed_records": 176, "event": "evaluation_batch_committed", "name": "B-P_H_sampled", "total_records": 192}
{"batch_index": 22, "budget_used": 2104, "completed_records": 184, "event": "evaluation_batch_committed", "name": "B-P_H_sampled", "total_records": 192}
{"batch_index": 23, "budget_used": 2112, "completed_records": 192, "event": "evaluation_batch_committed", "name": "B-P_H_sampled", "total_records": 192}
